Archive member included because of file (symbol)

/opt/microchip/mplabc32/v2.02/bin/../lib/gcc/pic32mx/4.5.1/../../../../pic32mx/lib/libc.a(general-exception.o)
                              /opt/microchip/mplabc32/v2.02/bin/../lib/gcc/pic32mx/4.5.1/../../../../pic32mx/lib/crt0.o (_general_exception_context)
/opt/microchip/mplabc32/v2.02/bin/../lib/gcc/pic32mx/4.5.1/../../../../pic32mx/lib/libc.a(malloc.o)
                              build/default/production/_ext/380863233/bt_utils.o (malloc)
/opt/microchip/mplabc32/v2.02/bin/../lib/gcc/pic32mx/4.5.1/../../../../pic32mx/lib/libc.a(exit.o)
                              build/default/production/_ext/380863233/hci.o (exit)
/opt/microchip/mplabc32/v2.02/bin/../lib/gcc/pic32mx/4.5.1/../../../../pic32mx/lib/libc.a(sbrk.o)
                              /opt/microchip/mplabc32/v2.02/bin/../lib/gcc/pic32mx/4.5.1/../../../../pic32mx/lib/libc.a(malloc.o) (sbrk)
/opt/microchip/mplabc32/v2.02/bin/../lib/gcc/pic32mx/4.5.1/../../../../pic32mx/lib/libc.a(default-general-exception-handler.o)
                              /opt/microchip/mplabc32/v2.02/bin/../lib/gcc/pic32mx/4.5.1/../../../../pic32mx/lib/libc.a(general-exception.o) (_general_exception_handler)
/opt/microchip/mplabc32/v2.02/bin/../lib/gcc/pic32mx/4.5.1/../../../../pic32mx/lib/libc.a(default-bootstrap-exception-handler.o)
                              /opt/microchip/mplabc32/v2.02/bin/../lib/gcc/pic32mx/4.5.1/../../../../pic32mx/lib/crt0.o (_bootstrap_exception_handler)
/opt/microchip/mplabc32/v2.02/bin/../lib/gcc/pic32mx/4.5.1/../../../../pic32mx/lib/libc.a(default-on-reset.o)
                              /opt/microchip/mplabc32/v2.02/bin/../lib/gcc/pic32mx/4.5.1/../../../../pic32mx/lib/crt0.o (_on_reset)
/opt/microchip/mplabc32/v2.02/bin/../lib/gcc/pic32mx/4.5.1/../../../../pic32mx/lib/libc.a(default-on-bootstrap.o)
                              /opt/microchip/mplabc32/v2.02/bin/../lib/gcc/pic32mx/4.5.1/../../../../pic32mx/lib/crt0.o (_on_bootstrap)
/opt/microchip/mplabc32/v2.02/bin/../lib/gcc/pic32mx/4.5.1/../../../../pic32mx/lib/libc.a(default-nmi-handler.o)
                              /opt/microchip/mplabc32/v2.02/bin/../lib/gcc/pic32mx/4.5.1/../../../../pic32mx/lib/crt0.o (_nmi_handler)
/opt/microchip/mplabc32/v2.02/bin/../lib/gcc/pic32mx/4.5.1/../../../../pic32mx/lib/libc.a(memset.o)
                              /opt/microchip/mplabc32/v2.02/bin/../lib/gcc/pic32mx/4.5.1/../../../../pic32mx/lib/libc.a(sbrk.o) (memset)
/opt/microchip/mplabc32/v2.02/bin/../lib/gcc/pic32mx/4.5.1/../../../../pic32mx/lib/libc.a(stdclean_simple.o)
                              /opt/microchip/mplabc32/v2.02/bin/../lib/gcc/pic32mx/4.5.1/../../../../pic32mx/lib/libc.a(exit.o) (_cleanup)
/opt/microchip/mplabc32/v2.02/bin/../lib/gcc/pic32mx/4.5.1/../../../../pic32mx/lib/libc.a(errno.o)
                              /opt/microchip/mplabc32/v2.02/bin/../lib/gcc/pic32mx/4.5.1/../../../../pic32mx/lib/libc.a(sbrk.o) (errno)
/opt/microchip/mplabc32/v2.02/bin/../lib/gcc/pic32mx/4.5.1/../../../../pic32mx/lib/libmchp_peripheral_32MX795F512L.a(pcache.o)
                              build/default/production/_ext/2137914310/main.o (CheKseg0CacheOn)
/opt/microchip/mplabc32/v2.02/bin/../lib/gcc/pic32mx/4.5.1/../../../../pic32mx/lib/libmchp_peripheral_32MX795F512L.a(int_disable_interrupts_lib.o)
                              build/default/production/_ext/2137914310/main.o (INTDisableInterrupts)
/opt/microchip/mplabc32/v2.02/bin/../lib/gcc/pic32mx/4.5.1/../../../../pic32mx/lib/libmchp_peripheral_32MX795F512L.a(int_restore_interrupts_lib.o)
                              build/default/production/_ext/2137914310/main.o (INTRestoreInterrupts)
/opt/microchip/mplabc32/v2.02/bin/../lib/gcc/pic32mx/4.5.1/../../../../pic32mx/lib/libmchp_peripheral_32MX795F512L.a(int_enable_mv_int_lib.o)
                              build/default/production/_ext/2137914310/main.o (INTEnableSystemMultiVectoredInt)
/opt/microchip/mplabc32/v2.02/bin/../lib/gcc/pic32mx/4.5.1/../../../../pic32mx/lib/libmchp_peripheral_32MX795F512L.a(port_set_pins_digital_out_lib.o)
                              build/default/production/_ext/2137914310/main.o (PORTSetPinsDigitalOut)
/opt/microchip/mplabc32/v2.02/bin/../lib/gcc/pic32mx/4.5.1/../../../../pic32mx/lib/libmchp_peripheral_32MX795F512L.a(port_clear_bits_lib.o)
                              build/default/production/_ext/2137914310/main.o (PORTClearBits)
/opt/microchip/mplabc32/v2.02/bin/../lib/gcc/pic32mx/4.5.1/../../../../pic32mx/lib/libmchp_peripheral_32MX795F512L.a(port_set_bits_lib.o)
                              build/default/production/_ext/2137914310/main.o (PORTSetBits)
/opt/microchip/mplabc32/v2.02/bin/../lib/gcc/pic32mx/4.5.1/../../../../pic32mx/lib/libmchp_peripheral_32MX795F512L.a(_ports_tbl_libp.o)
                              /opt/microchip/mplabc32/v2.02/bin/../lib/gcc/pic32mx/4.5.1/../../../../pic32mx/lib/libmchp_peripheral_32MX795F512L.a(port_set_pins_digital_out_lib.o) (PortRegTbl)
[...]
Memory Configuration

Name             Origin             Length             Attributes
kseg0_program_mem 0x9d000000         0x00080000         xr
kseg0_boot_mem   0x9fc00490         0x00000970
exception_mem    0x9fc01000         0x00001000
kseg1_boot_mem   0xbfc00000         0x00000490
debug_exec_mem   0xbfc02000         0x00000ff0
config3          0xbfc02ff0         0x00000004
config2          0xbfc02ff4         0x00000004
config1          0xbfc02ff8         0x00000004
config0          0xbfc02ffc         0x00000004
kseg1_data_mem   0xa0000000         0x00020000         w !x
sfrs             0xbf800000         0x00100000
configsfrs       0xbfc02ff0         0x00000010
*default*        0x00000000         0xffffffff

Linker script and memory map

LOAD /opt/microchip/mplabc32/v2.02/bin/../lib/gcc/pic32mx/4.5.1/../../../../pic32mx/lib/crt0.o
LOAD build/default/production/_ext/380863233/bt_utils.o
LOAD build/default/production/_ext/380863233/hci.o
LOAD build/default/production/_ext/380863233/hci_usb.o
LOAD build/default/production/_ext/380863233/l2cap_2.o
LOAD build/default/production/_ext/380863233/rfcomm.o
LOAD build/default/production/_ext/380863233/rfcomm_fcs.o
LOAD build/default/production/_ext/380863233/sdp.o
LOAD build/default/production/_ext/592302047/usb_host_bluetooth.o
LOAD build/default/production/_ext/1472/BTApp.o
LOAD build/default/production/_ext/1472/debug.o
LOAD build/default/production/_ext/2137914310/main.o
LOAD build/default/production/_ext/2137914310/usb_config.o
LOAD build/default/production/_ext/343710134/usb_host.o
                0x00000001                __MPLAB_BUILD = 0x1
                0x00002000                _min_heap_size = 0x2000
LOAD /opt/microchip/mplabc32/v2.02/bin/../lib/gcc/pic32mx/4.5.1/libgcc.a
START GROUP
LOAD /opt/microchip/mplabc32/v2.02/bin/../lib/gcc/pic32mx/4.5.1/../../../../pic32mx/lib/libdebug.a
LOAD /opt/microchip/mplabc32/v2.02/bin/../lib/gcc/pic32mx/4.5.1/../../../../pic32mx/lib/libc.a
LOAD /opt/microchip/mplabc32/v2.02/bin/../lib/gcc/pic32mx/4.5.1/../../../../pic32mx/lib/libm.a
LOAD /opt/microchip/mplabc32/v2.02/bin/../lib/gcc/pic32mx/4.5.1/../../../../pic32mx/lib/libe.a
LOAD /opt/microchip/mplabc32/v2.02/bin/../lib/gcc/pic32mx/4.5.1/../../../../pic32mx/lib/libdsp.a
LOAD /opt/microchip/mplabc32/v2.02/bin/../lib/gcc/pic32mx/4.5.1/../../../../pic32mx/lib/libmchp_peripheral.a
LOAD /opt/microchip/mplabc32/v2.02/bin/../lib/gcc/pic32mx/4.5.1/../../../../pic32mx/lib/libmchp_peripheral_32MX795F512L.a
END GROUP
LOAD /opt/microchip/mplabc32/v2.02/bin/../lib/gcc/pic32mx/4.5.1/libgcc.a
                0x00000400                PROVIDE (_min_stack_size, 0x400)
                0x00000000                PROVIDE (_min_heap_size, 0x0)
LOAD /opt/microchip/mplabc32/v2.02/bin/../lib/gcc/pic32mx/4.5.1/../../../../pic32mx/lib/./proc/32MX795F512L/processor.o
                0x00000001                PROVIDE (_vector_spacing, 0x1)
                0x9fc01000                _ebase_address = 0x9fc01000
                0xbfc00000                _RESET_ADDR = 0xbfc00000
                0xbfc00380                _BEV_EXCPT_ADDR = 0xbfc00380
                0xbfc00480                _DBG_EXCPT_ADDR = 0xbfc00480
                0xbfc02000                _DBG_CODE_ADDR = 0xbfc02000
                0x00000ff0                _DBG_CODE_SIZE = 0xff0
                0x9fc01180                _GEN_EXCPT_ADDR = (_ebase_address + 0x180)

.config_BFC02FF0
 *(.config_BFC02FF0)

.config_BFC02FF4
                0xbfc02ff4        0x4
 *(.config_BFC02FF4)
 .config_BFC02FF4
                0xbfc02ff4        0x4 build/default/production/_ext/2137914310/main.o

.config_BFC02FF8
                0xbfc02ff8        0x4
 *(.config_BFC02FF8)
 .config_BFC02FF8
                0xbfc02ff8        0x4 build/default/production/_ext/2137914310/main.o

.config_BFC02FFC
                0xbfc02ffc        0x4
 *(.config_BFC02FFC)
 .config_BFC02FFC
                0xbfc02ffc        0x4 build/default/production/_ext/2137914310/main.o
                0xbfc02000                PROVIDE (_DBG_CODE_ADDR, 0xbfc02000)
                0x00000ff0                PROVIDE (_DBG_CODE_SIZE, 0xff0)

.reset          0xbfc00000      0x1f4
 *(.reset)
 .reset         0xbfc00000       0x10 /opt/microchip/mplabc32/v2.02/bin/../lib/gcc/pic32mx/4.5.1/../../../../pic32mx/lib/crt0.o
                0xbfc00000                _reset
 *(.reset.startup)
 .reset.startup
                0xbfc00010      0x1e4 /opt/microchip/mplabc32/v2.02/bin/../lib/gcc/pic32mx/4.5.1/../../../../pic32mx/lib/crt0.o

.bev_excpt      0xbfc00380       0x10
 *(.bev_handler)
 .bev_handler   0xbfc00380       0x10 /opt/microchip/mplabc32/v2.02/bin/../lib/gcc/pic32mx/4.5.1/../../../../pic32mx/lib/crt0.o

.dbg_excpt      0xbfc00480        0x0
                0xbfc00480                . = (. + DEFINED (_DEBUGGER)?0x8:0x0)

.dbg_code       0xbfc02000        0x0
                0xbfc02000                . = (. + DEFINED (_DEBUGGER)?_DBG_CODE_SIZE:0x0)

.app_excpt      0x9fc01180       0x10
 *(.gen_handler)
 .gen_handler   0x9fc01180       0x10 /opt/microchip/mplabc32/v2.02/bin/../lib/gcc/pic32mx/4.5.1/../../../../pic32mx/lib/crt0.o

.vector_0       0x9fc01200        0x0
 *(.vector_0)
                0x00000001                ASSERT (((_vector_spacing == 0x0) || (SIZEOF (.vector_0) <= (_vector_spacing << 0x5))), function at exception vector 0 too large)

.vector_1       0x9fc01220        0x0
 *(.vector_1)
                0x00000001                ASSERT (((_vector_spacing == 0x0) || (SIZEOF (.vector_1) <= (_vector_spacing << 0x5))), function at exception vector 1 too large)

.vector_2       0x9fc01240        0x0
 *(.vector_2)
                0x00000001                ASSERT (((_vector_spacing == 0x0) || (SIZEOF (.vector_2) <= (_vector_spacing << 0x5))), function at exception vector 2 too large)

.vector_3       0x9fc01260        0x0
 *(.vector_3)
                0x00000001                ASSERT (((_vector_spacing == 0x0) || (SIZEOF (.vector_3) <= (_vector_spacing << 0x5))), function at exception vector 3 too large)

.vector_4       0x9fc01280        0x0
 *(.vector_4)
                0x00000001                ASSERT (((_vector_spacing == 0x0) || (SIZEOF (.vector_4) <= (_vector_spacing << 0x5))), function at exception vector 4 too large)

.vector_5       0x9fc012a0        0x0
 *(.vector_5)
                0x00000001                ASSERT (((_vector_spacing == 0x0) || (SIZEOF (.vector_5) <= (_vector_spacing << 0x5))), function at exception vector 5 too large)

.vector_6       0x9fc012c0        0x0
 *(.vector_6)
                0x00000001                ASSERT (((_vector_spacing == 0x0) || (SIZEOF (.vector_6) <= (_vector_spacing << 0x5))), function at exception vector 6 too large)

.vector_7       0x9fc012e0        0x0
 *(.vector_7)
                0x00000001                ASSERT (((_vector_spacing == 0x0) || (SIZEOF (.vector_7) <= (_vector_spacing << 0x5))), function at exception vector 7 too large)

.vector_8       0x9fc01300        0x0
 *(.vector_8)
                0x00000001                ASSERT (((_vector_spacing == 0x0) || (SIZEOF (.vector_8) <= (_vector_spacing << 0x5))), function at exception vector 8 too large)

.vector_9       0x9fc01320        0x0
 *(.vector_9)
                0x00000001                ASSERT (((_vector_spacing == 0x0) || (SIZEOF (.vector_9) <= (_vector_spacing << 0x5))), function at exception vector 9 too large)

.vector_10      0x9fc01340        0x0
 *(.vector_10)
                0x00000001                ASSERT (((_vector_spacing == 0x0) || (SIZEOF (.vector_10) <= (_vector_spacing << 0x5))), function at exception vector 10 too large)

.vector_11      0x9fc01360        0x0
 *(.vector_11)
                0x00000001                ASSERT (((_vector_spacing == 0x0) || (SIZEOF (.vector_11) <= (_vector_spacing << 0x5))), function at exception vector 11 too large)

.vector_12      0x9fc01380        0x0
 *(.vector_12)
                0x00000001                ASSERT (((_vector_spacing == 0x0) || (SIZEOF (.vector_12) <= (_vector_spacing << 0x5))), function at exception vector 12 too large)

.vector_13      0x9fc013a0        0x0
 *(.vector_13)
                0x00000001                ASSERT (((_vector_spacing == 0x0) || (SIZEOF (.vector_13) <= (_vector_spacing << 0x5))), function at exception vector 13 too large)

.vector_14      0x9fc013c0        0x0
 *(.vector_14)
                0x00000001                ASSERT (((_vector_spacing == 0x0) || (SIZEOF (.vector_14) <= (_vector_spacing << 0x5))), function at exception vector 14 too large)

.vector_15      0x9fc013e0        0x0
 *(.vector_15)
                0x00000001                ASSERT (((_vector_spacing == 0x0) || (SIZEOF (.vector_15) <= (_vector_spacing << 0x5))), function at exception vector 15 too large)

.vector_16      0x9fc01400        0x0
 *(.vector_16)
                0x00000001                ASSERT (((_vector_spacing == 0x0) || (SIZEOF (.vector_16) <= (_vector_spacing << 0x5))), function at exception vector 16 too large)

.vector_17      0x9fc01420        0x0
 *(.vector_17)
                0x00000001                ASSERT (((_vector_spacing == 0x0) || (SIZEOF (.vector_17) <= (_vector_spacing << 0x5))), function at exception vector 17 too large)

.vector_18      0x9fc01440        0x0
 *(.vector_18)
                0x00000001                ASSERT (((_vector_spacing == 0x0) || (SIZEOF (.vector_18) <= (_vector_spacing << 0x5))), function at exception vector 18 too large)

.vector_19      0x9fc01460        0x0
 *(.vector_19)
                0x00000001                ASSERT (((_vector_spacing == 0x0) || (SIZEOF (.vector_19) <= (_vector_spacing << 0x5))), function at exception vector 19 too large)

.vector_20      0x9fc01480        0x0
 *(.vector_20)
                0x00000001                ASSERT (((_vector_spacing == 0x0) || (SIZEOF (.vector_20) <= (_vector_spacing << 0x5))), function at exception vector 20 too large)

.vector_21      0x9fc014a0        0x0
 *(.vector_21)
                0x00000001                ASSERT (((_vector_spacing == 0x0) || (SIZEOF (.vector_21) <= (_vector_spacing << 0x5))), function at exception vector 21 too large)

.vector_22      0x9fc014c0        0x0
 *(.vector_22)
                0x00000001                ASSERT (((_vector_spacing == 0x0) || (SIZEOF (.vector_22) <= (_vector_spacing << 0x5))), function at exception vector 22 too large)

.vector_23      0x9fc014e0        0x0
 *(.vector_23)
                0x00000001                ASSERT (((_vector_spacing == 0x0) || (SIZEOF (.vector_23) <= (_vector_spacing << 0x5))), function at exception vector 23 too large)

.vector_24      0x9fc01500        0x0
 *(.vector_24)
                0x00000001                ASSERT (((_vector_spacing == 0x0) || (SIZEOF (.vector_24) <= (_vector_spacing << 0x5))), function at exception vector 24 too large)

.vector_25      0x9fc01520        0x0
 *(.vector_25)
                0x00000001                ASSERT (((_vector_spacing == 0x0) || (SIZEOF (.vector_25) <= (_vector_spacing << 0x5))), function at exception vector 25 too large)

.vector_26      0x9fc01540        0x0
 *(.vector_26)
                0x00000001                ASSERT (((_vector_spacing == 0x0) || (SIZEOF (.vector_26) <= (_vector_spacing << 0x5))), function at exception vector 26 too large)

.vector_27      0x9fc01560        0x0
 *(.vector_27)
                0x00000001                ASSERT (((_vector_spacing == 0x0) || (SIZEOF (.vector_27) <= (_vector_spacing << 0x5))), function at exception vector 27 too large)

.vector_28      0x9fc01580        0x0
 *(.vector_28)
                0x00000001                ASSERT (((_vector_spacing == 0x0) || (SIZEOF (.vector_28) <= (_vector_spacing << 0x5))), function at exception vector 28 too large)

.vector_29      0x9fc015a0        0x0
 *(.vector_29)
                0x00000001                ASSERT (((_vector_spacing == 0x0) || (SIZEOF (.vector_29) <= (_vector_spacing << 0x5))), function at exception vector 29 too large)

.vector_30      0x9fc015c0        0x0
 *(.vector_30)
                0x00000001                ASSERT (((_vector_spacing == 0x0) || (SIZEOF (.vector_30) <= (_vector_spacing << 0x5))), function at exception vector 30 too large)

.vector_31      0x9fc015e0        0x0
 *(.vector_31)
                0x00000001                ASSERT (((_vector_spacing == 0x0) || (SIZEOF (.vector_31) <= (_vector_spacing << 0x5))), function at exception vector 31 too large)

.vector_32      0x9fc01600        0x0
 *(.vector_32)
                0x00000001                ASSERT (((_vector_spacing == 0x0) || (SIZEOF (.vector_32) <= (_vector_spacing << 0x5))), function at exception vector 32 too large)

.vector_33      0x9fc01620        0x0
 *(.vector_33)
                0x00000001                ASSERT (((_vector_spacing == 0x0) || (SIZEOF (.vector_33) <= (_vector_spacing << 0x5))), function at exception vector 33 too large)

.vector_34      0x9fc01640        0x0
 *(.vector_34)
                0x00000001                ASSERT (((_vector_spacing == 0x0) || (SIZEOF (.vector_34) <= (_vector_spacing << 0x5))), function at exception vector 34 too large)

.vector_35      0x9fc01660        0x0
 *(.vector_35)
                0x00000001                ASSERT (((_vector_spacing == 0x0) || (SIZEOF (.vector_35) <= (_vector_spacing << 0x5))), function at exception vector 35 too large)

.vector_36      0x9fc01680        0x0
 *(.vector_36)
                0x00000001                ASSERT (((_vector_spacing == 0x0) || (SIZEOF (.vector_36) <= (_vector_spacing << 0x5))), function at exception vector 36 too large)

.vector_37      0x9fc016a0        0x0
 *(.vector_37)
                0x00000001                ASSERT (((_vector_spacing == 0x0) || (SIZEOF (.vector_37) <= (_vector_spacing << 0x5))), function at exception vector 37 too large)

.vector_38      0x9fc016c0        0x0
 *(.vector_38)
                0x00000001                ASSERT (((_vector_spacing == 0x0) || (SIZEOF (.vector_38) <= (_vector_spacing << 0x5))), function at exception vector 38 too large)

.vector_39      0x9fc016e0        0x0
 *(.vector_39)
                0x00000001                ASSERT (((_vector_spacing == 0x0) || (SIZEOF (.vector_39) <= (_vector_spacing << 0x5))), function at exception vector 39 too large)

.vector_40      0x9fc01700        0x0
 *(.vector_40)
                0x00000001                ASSERT (((_vector_spacing == 0x0) || (SIZEOF (.vector_40) <= (_vector_spacing << 0x5))), function at exception vector 40 too large)

.vector_41      0x9fc01720        0x0
 *(.vector_41)
                0x00000001                ASSERT (((_vector_spacing == 0x0) || (SIZEOF (.vector_41) <= (_vector_spacing << 0x5))), function at exception vector 41 too large)

.vector_42      0x9fc01740        0x0
 *(.vector_42)
                0x00000001                ASSERT (((_vector_spacing == 0x0) || (SIZEOF (.vector_42) <= (_vector_spacing << 0x5))), function at exception vector 42 too large)

.vector_43      0x9fc01760        0x0
 *(.vector_43)
                0x00000001                ASSERT (((_vector_spacing == 0x0) || (SIZEOF (.vector_43) <= (_vector_spacing << 0x5))), function at exception vector 43 too large)

.vector_44      0x9fc01780        0x0
 *(.vector_44)
                0x00000001                ASSERT (((_vector_spacing == 0x0) || (SIZEOF (.vector_44) <= (_vector_spacing << 0x5))), function at exception vector 44 too large)

.vector_45      0x9fc017a0        0x8
 *(.vector_45)
 .vector_45     0x9fc017a0        0x8 build/default/production/_ext/343710134/usb_host.o
                0x00000001                ASSERT (((_vector_spacing == 0x0) || (SIZEOF (.vector_45) <= (_vector_spacing << 0x5))), function at exception vector 45 too large)

.vector_46      0x9fc017c0        0x0
 *(.vector_46)
                0x00000001                ASSERT (((_vector_spacing == 0x0) || (SIZEOF (.vector_46) <= (_vector_spacing << 0x5))), function at exception vector 46 too large)

.vector_47      0x9fc017e0        0x0
 *(.vector_47)
                0x00000001                ASSERT (((_vector_spacing == 0x0) || (SIZEOF (.vector_47) <= (_vector_spacing << 0x5))), function at exception vector 47 too large)

.vector_48      0x9fc01800        0x0
 *(.vector_48)
                0x00000001                ASSERT (((_vector_spacing == 0x0) || (SIZEOF (.vector_48) <= (_vector_spacing << 0x5))), function at exception vector 48 too large)

.vector_49      0x9fc01820        0x0
 *(.vector_49)
                0x00000001                ASSERT (((_vector_spacing == 0x0) || (SIZEOF (.vector_49) <= (_vector_spacing << 0x5))), function at exception vector 49 too large)

.vector_50      0x9fc01840        0x0
 *(.vector_50)
                0x00000001                ASSERT (((_vector_spacing == 0x0) || (SIZEOF (.vector_50) <= (_vector_spacing << 0x5))), function at exception vector 50 too large)

.vector_51      0x9fc01860        0x0
 *(.vector_51)
                0x00000001                ASSERT (((_vector_spacing == 0x0) || (SIZEOF (.vector_51) <= (_vector_spacing << 0x5))), function at exception vector 51 too large)

.vector_52      0x9fc01880        0x0
 *(.vector_52)
                0x00000001                ASSERT (((_vector_spacing == 0x0) || (SIZEOF (.vector_52) <= (_vector_spacing << 0x5))), function at exception vector 52 too large)

.vector_53      0x9fc018a0        0x0
 *(.vector_53)
                0x00000001                ASSERT (((_vector_spacing == 0x0) || (SIZEOF (.vector_53) <= (_vector_spacing << 0x5))), function at exception vector 53 too large)

.vector_54      0x9fc018c0        0x0
 *(.vector_54)
                0x00000001                ASSERT (((_vector_spacing == 0x0) || (SIZEOF (.vector_54) <= (_vector_spacing << 0x5))), function at exception vector 54 too large)

.vector_55      0x9fc018e0        0x0
 *(.vector_55)
                0x00000001                ASSERT (((_vector_spacing == 0x0) || (SIZEOF (.vector_55) <= (_vector_spacing << 0x5))), function at exception vector 55 too large)

.vector_56      0x9fc01900        0x0
 *(.vector_56)
                0x00000001                ASSERT (((_vector_spacing == 0x0) || (SIZEOF (.vector_56) <= (_vector_spacing << 0x5))), function at exception vector 56 too large)

.vector_57      0x9fc01920        0x0
 *(.vector_57)
                0x00000001                ASSERT (((_vector_spacing == 0x0) || (SIZEOF (.vector_57) <= (_vector_spacing << 0x5))), function at exception vector 57 too large)

.vector_58      0x9fc01940        0x0
 *(.vector_58)
                0x00000001                ASSERT (((_vector_spacing == 0x0) || (SIZEOF (.vector_58) <= (_vector_spacing << 0x5))), function at exception vector 58 too large)

.vector_59      0x9fc01960        0x0
 *(.vector_59)
                0x00000001                ASSERT (((_vector_spacing == 0x0) || (SIZEOF (.vector_59) <= (_vector_spacing << 0x5))), function at exception vector 59 too large)

.vector_60      0x9fc01980        0x0
 *(.vector_60)
                0x00000001                ASSERT (((_vector_spacing == 0x0) || (SIZEOF (.vector_60) <= (_vector_spacing << 0x5))), function at exception vector 60 too large)

.vector_61      0x9fc019a0        0x0
 *(.vector_61)
                0x00000001                ASSERT (((_vector_spacing == 0x0) || (SIZEOF (.vector_61) <= (_vector_spacing << 0x5))), function at exception vector 61 too large)

.vector_62      0x9fc019c0        0x0
 *(.vector_62)
                0x00000001                ASSERT (((_vector_spacing == 0x0) || (SIZEOF (.vector_62) <= (_vector_spacing << 0x5))), function at exception vector 62 too large)

.vector_63      0x9fc019e0        0x0
 *(.vector_63)
                0x00000001                ASSERT (((_vector_spacing == 0x0) || (SIZEOF (.vector_63) <= (_vector_spacing << 0x5))), function at exception vector 63 too large)

.startup
 *(.startup)

.text
 *(.stub .gnu.linkonce.t.*)
 *(.text.*personality*)
 *(.mips16.fn.*)
 *(.mips16.call.*)
 *(.gnu.warning)

.rodata         0x9d000000        0x0
 *(.rodata.* .gnu.linkonce.r.*)
 *(.rodata1)
                0x9d000000                . = ALIGN (0x4)

.sdata2         0x9fc00490        0x0
 *(.sdata2 .sdata2.* .gnu.linkonce.s2.*)
                0x9fc00490                . = ALIGN (0x4)

.sbss2          0x9fc00490        0x0
 *(.sbss2 .sbss2.* .gnu.linkonce.sb2.*)
                0x9fc00490                . = ALIGN (0x4)

.eh_frame_hdr
 *(.eh_frame_hdr)

.eh_frame
 *(.eh_frame)

.dbg_data       0xa0000000        0x0
                0xa0000000                . = (. + DEFINED (_DEBUGGER)?0x200:0x0)

.persist        0xa0000000        0x0
                0xa0000000                _persist_begin = .
 *(.persist .persist.*)
                0xa0000000                . = ALIGN (0x4)
                0xa0000000                _persist_end = .

.eh_frame
 *(.eh_frame)
                0xa0000000                . = .
                0xa0007ff0                _gp = (ALIGN (0x10) + 0x7ff0)

.got
 *(.got.plt)
 *(.got)

.sdata          0xa0000000        0x8
                0xa0000000                _sdata_begin = .
 *(.sdata .sdata.* .gnu.linkonce.s.*)
 .sdata         0xa0000000        0x8 build/default/production/_ext/2137914310/usb_config.o
                0xa0000000                usbTPL
                0xa0000008                _sdata_end = .

.lit8
 *(.lit8)

.lit4
 *(.lit4)
                0xa0000008                . = ALIGN (0x4)
                0xa0000008                _data_end = .
                0xa0000008                _bss_begin = .

.sbss           0xa0000008       0x52
                0xa0000008                _sbss_begin = .
 *(.dynsbss)
 *(.sbss .sbss.* .gnu.linkonce.sb.*)
 .sbss          0xa0000008        0x4 build/default/production/_ext/380863233/hci.o
 .sbss          0xa000000c        0x4 build/default/production/_ext/380863233/hci_usb.o
 .sbss          0xa0000010        0x4 build/default/production/_ext/380863233/l2cap_2.o
 .sbss          0xa0000014        0x4 build/default/production/_ext/380863233/rfcomm.o
 .sbss          0xa0000018        0x4 build/default/production/_ext/380863233/sdp.o
 .sbss          0xa000001c        0x4 build/default/production/_ext/2137914310/main.o
                0xa000001c                gpsBTAPP
 .sbss          0xa0000020       0x28 build/default/production/_ext/343710134/usb_host.o
                0xa000002c                pCurrentConfigurationDescriptor
                0xa0000030                pDeviceDescriptor
 .sbss          0xa0000048        0x8 /opt/microchip/mplabc32/v2.02/bin/../lib/gcc/pic32mx/4.5.1/../../../../pic32mx/lib/libc.a(sbrk.o)
                0xa0000048                _minbrk
                0xa000004c                _maxbrk
 .sbss          0xa0000050        0x4 /opt/microchip/mplabc32/v2.02/bin/../lib/gcc/pic32mx/4.5.1/../../../../pic32mx/lib/libc.a(stdclean_simple.o)
                0xa0000050                _atexitptr
 .sbss          0xa0000054        0x4 /opt/microchip/mplabc32/v2.02/bin/../lib/gcc/pic32mx/4.5.1/../../../../pic32mx/lib/libc.a(errno.o)
                0xa0000054                errno
 *(.scommon)
 .scommon       0xa0000058        0x2 build/default/production/_ext/343710134/usb_host.o
                0xa0000058                usbOverrideHostState
                0xa000005a                _sbss_end = .

.bss            0xa000005c       0x14
 *(.dynbss)
 *(COMMON)
 COMMON         0xa000005c       0x14 build/default/production/_ext/592302047/usb_host_bluetooth.o
                0xa000005c                gc_DevData
                0xa0000070                . = ALIGN (0x4)
                0xa0000070                . = ALIGN (0x4)
                0xa0000070                _end = .
                0xa0000070                _bss_end = .
                0x00020000                _bmxdudba_address = 0x20000
                0x00020000                _bmxdupba_address = 0x20000

/DISCARD/
 *(.pdr)
 *(.reginfo)
 *(.rel.dyn)
 *(.note.GNU-stack)
 *(.note.GNU-stack)
 *(.gnu_debuglink)
 *(.gnu.lto_*)
 *(.discard)

.stab
 *(.stab)

.stabstr
 *(.stabstr)

.stab.excl
 *(.stab.excl)

.stab.exclstr
 *(.stab.exclstr)

.stab.index
 *(.stab.index)

.stab.indexstr
 *(.stab.indexstr)

.comment        0x00000000      0x142
 *(.comment)
 .comment       0x00000000       0x51 build/default/production/_ext/380863233/bt_utils.o
                                 0x52 (size before relaxing)
 .comment       0x00000000       0x52 build/default/production/_ext/380863233/hci.o
 .comment       0x00000000       0x52 build/default/production/_ext/380863233/hci_usb.o
 .comment       0x00000000       0x52 build/default/production/_ext/380863233/l2cap_2.o
 .comment       0x00000000       0x52 build/default/production/_ext/380863233/rfcomm.o
 .comment       0x00000000       0x52 build/default/production/_ext/380863233/rfcomm_fcs.o
 .comment       0x00000000       0x52 build/default/production/_ext/380863233/sdp.o
 .comment       0x00000000       0x52 build/default/production/_ext/592302047/usb_host_bluetooth.o
 .comment       0x00000000       0x52 build/default/production/_ext/1472/BTApp.o
 .comment       0x00000000       0x52 build/default/production/_ext/1472/debug.o
 .comment       0x00000000       0x52 build/default/production/_ext/2137914310/main.o
 .comment       0x00000000       0x52 build/default/production/_ext/2137914310/usb_config.o
 .comment       0x00000000       0x52 build/default/production/_ext/343710134/usb_host.o
 .comment       0x00000000       0x52 /opt/microchip/mplabc32/v2.02/bin/../lib/gcc/pic32mx/4.5.1/../../../../pic32mx/lib/libc.a(malloc.o)
 .comment       0x00000000       0x52 /opt/microchip/mplabc32/v2.02/bin/../lib/gcc/pic32mx/4.5.1/../../../../pic32mx/lib/libc.a(exit.o)
 .comment       0x00000051       0x4b /opt/microchip/mplabc32/v2.02/bin/../lib/gcc/pic32mx/4.5.1/../../../../pic32mx/lib/libc.a(sbrk.o)
                                 0x9d (size before relaxing)
 .comment       0x00000000       0x52 /opt/microchip/mplabc32/v2.02/bin/../lib/gcc/pic32mx/4.5.1/../../../../pic32mx/lib/libc.a(default-general-exception-handler.o)
 .comment       0x00000000       0x52 /opt/microchip/mplabc32/v2.02/bin/../lib/gcc/pic32mx/4.5.1/../../../../pic32mx/lib/libc.a(default-bootstrap-exception-handler.o)
 .comment       0x00000000       0x52 /opt/microchip/mplabc32/v2.02/bin/../lib/gcc/pic32mx/4.5.1/../../../../pic32mx/lib/libc.a(default-on-reset.o)
 .comment       0x00000000       0x52 /opt/microchip/mplabc32/v2.02/bin/../lib/gcc/pic32mx/4.5.1/../../../../pic32mx/lib/libc.a(default-on-bootstrap.o)
 .comment       0x0000009c       0x55 /opt/microchip/mplabc32/v2.02/bin/../lib/gcc/pic32mx/4.5.1/../../../../pic32mx/lib/libc.a(memset.o)
                                 0x56 (size before relaxing)
 .comment       0x00000000       0x52 /opt/microchip/mplabc32/v2.02/bin/../lib/gcc/pic32mx/4.5.1/../../../../pic32mx/lib/libc.a(stdclean_simple.o)
 .comment       0x00000000       0x52 /opt/microchip/mplabc32/v2.02/bin/../lib/gcc/pic32mx/4.5.1/../../../../pic32mx/lib/libc.a(errno.o)
 .comment       0x000000f1       0x51 /opt/microchip/mplabc32/v2.02/bin/../lib/gcc/pic32mx/4.5.1/../../../../pic32mx/lib/libmchp_peripheral_32MX795F512L.a(pcache.o)
                                 0x52 (size before relaxing)
 .comment       0x00000000       0x52 /opt/microchip/mplabc32/v2.02/bin/../lib/gcc/pic32mx/4.5.1/../../../../pic32mx/lib/libmchp_peripheral_32MX795F512L.a(int_disable_interrupts_lib.o)
 .comment       0x00000000       0x52 /opt/microchip/mplabc32/v2.02/bin/../lib/gcc/pic32mx/4.5.1/../../../../pic32mx/lib/libmchp_peripheral_32MX795F512L.a(int_restore_interrupts_lib.o)
 .comment       0x00000000       0x52 /opt/microchip/mplabc32/v2.02/bin/../lib/gcc/pic32mx/4.5.1/../../../../pic32mx/lib/libmchp_peripheral_32MX795F512L.a(int_enable_mv_int_lib.o)
 .comment       0x00000000       0x52 /opt/microchip/mplabc32/v2.02/bin/../lib/gcc/pic32mx/4.5.1/../../../../pic32mx/lib/libmchp_peripheral_32MX795F512L.a(port_set_pins_digital_out_lib.o)
 .comment       0x00000000       0x52 /opt/microchip/mplabc32/v2.02/bin/../lib/gcc/pic32mx/4.5.1/../../../../pic32mx/lib/libmchp_peripheral_32MX795F512L.a(port_clear_bits_lib.o)
 .comment       0x00000000       0x52 /opt/microchip/mplabc32/v2.02/bin/../lib/gcc/pic32mx/4.5.1/../../../../pic32mx/lib/libmchp_peripheral_32MX795F512L.a(port_set_bits_lib.o)
 .comment       0x00000000       0x52 /opt/microchip/mplabc32/v2.02/bin/../lib/gcc/pic32mx/4.5.1/../../../../pic32mx/lib/libmchp_peripheral_32MX795F512L.a(_ports_tbl_libp.o)
 .comment       0x00000000       0x52 /opt/microchip/mplabc32/v2.02/bin/../lib/gcc/pic32mx/4.5.1/../../../../pic32mx/lib/libmchp_peripheral_32MX795F512L.a(int_enable_interrupts_lib.o)

.debug
 *(.debug)

.line
 *(.line)

.debug_srcinfo
 *(.debug_srcinfo)

.debug_sfnames
 *(.debug_sfnames)

.debug_aranges  0x00000000      0x3b8
 *(.debug_aranges)
 .debug_aranges
                0x00000000       0x20 build/default/production/_ext/380863233/bt_utils.o
 .debug_aranges
                0x00000020       0x20 build/default/production/_ext/380863233/hci.o
 .debug_aranges
                0x00000040       0x20 build/default/production/_ext/380863233/hci_usb.o
 .debug_aranges
                0x00000060       0x20 build/default/production/_ext/380863233/l2cap_2.o
 .debug_aranges
                0x00000080       0x20 build/default/production/_ext/380863233/rfcomm.o
 .debug_aranges
                0x000000a0       0x20 build/default/production/_ext/380863233/rfcomm_fcs.o
 .debug_aranges
                0x000000c0       0x20 build/default/production/_ext/380863233/sdp.o
 .debug_aranges
                0x000000e0       0x20 build/default/production/_ext/592302047/usb_host_bluetooth.o
 .debug_aranges
                0x00000100       0x20 build/default/production/_ext/1472/BTApp.o
 .debug_aranges
                0x00000120       0x20 build/default/production/_ext/1472/debug.o
 .debug_aranges
                0x00000140       0x20 build/default/production/_ext/2137914310/main.o
 .debug_aranges
                0x00000160       0x20 build/default/production/_ext/343710134/usb_host.o
 .debug_aranges
                0x00000180       0x30 /opt/microchip/mplabc32/v2.02/bin/../lib/gcc/pic32mx/4.5.1/../../../../pic32mx/lib/libc.a(malloc.o)
 .debug_aranges
                0x000001b0       0x20 /opt/microchip/mplabc32/v2.02/bin/../lib/gcc/pic32mx/4.5.1/../../../../pic32mx/lib/libc.a(exit.o)
 .debug_aranges
                0x000001d0       0x40 /opt/microchip/mplabc32/v2.02/bin/../lib/gcc/pic32mx/4.5.1/../../../../pic32mx/lib/libc.a(sbrk.o)
 .debug_aranges
                0x00000210       0x20 /opt/microchip/mplabc32/v2.02/bin/../lib/gcc/pic32mx/4.5.1/../../../../pic32mx/lib/libc.a(default-general-exception-handler.o)
 .debug_aranges
                0x00000230       0x20 /opt/microchip/mplabc32/v2.02/bin/../lib/gcc/pic32mx/4.5.1/../../../../pic32mx/lib/libc.a(default-bootstrap-exception-handler.o)
 .debug_aranges
                0x00000250       0x20 /opt/microchip/mplabc32/v2.02/bin/../lib/gcc/pic32mx/4.5.1/../../../../pic32mx/lib/libc.a(default-on-reset.o)
 .debug_aranges
                0x00000270       0x20 /opt/microchip/mplabc32/v2.02/bin/../lib/gcc/pic32mx/4.5.1/../../../../pic32mx/lib/libc.a(default-on-bootstrap.o)
 .debug_aranges
                0x00000290       0x20 /opt/microchip/mplabc32/v2.02/bin/../lib/gcc/pic32mx/4.5.1/../../../../pic32mx/lib/libc.a(stdclean_simple.o)
 .debug_aranges
                0x000002b0       0x28 /opt/microchip/mplabc32/v2.02/bin/../lib/gcc/pic32mx/4.5.1/../../../../pic32mx/lib/libmchp_peripheral_32MX795F512L.a(pcache.o)
 .debug_aranges
                0x000002d8       0x20 /opt/microchip/mplabc32/v2.02/bin/../lib/gcc/pic32mx/4.5.1/../../../../pic32mx/lib/libmchp_peripheral_32MX795F512L.a(int_disable_interrupts_lib.o)
 .debug_aranges
                0x000002f8       0x20 /opt/microchip/mplabc32/v2.02/bin/../lib/gcc/pic32mx/4.5.1/../../../../pic32mx/lib/libmchp_peripheral_32MX795F512L.a(int_restore_interrupts_lib.o)
 .debug_aranges
                0x00000318       0x20 /opt/microchip/mplabc32/v2.02/bin/../lib/gcc/pic32mx/4.5.1/../../../../pic32mx/lib/libmchp_peripheral_32MX795F512L.a(int_enable_mv_int_lib.o)
 .debug_aranges
                0x00000338       0x20 /opt/microchip/mplabc32/v2.02/bin/../lib/gcc/pic32mx/4.5.1/../../../../pic32mx/lib/libmchp_peripheral_32MX795F512L.a(port_set_pins_digital_out_lib.o)
 .debug_aranges
                0x00000358       0x20 /opt/microchip/mplabc32/v2.02/bin/../lib/gcc/pic32mx/4.5.1/../../../../pic32mx/lib/libmchp_peripheral_32MX795F512L.a(port_clear_bits_lib.o)
 .debug_aranges
                0x00000378       0x20 /opt/microchip/mplabc32/v2.02/bin/../lib/gcc/pic32mx/4.5.1/../../../../pic32mx/lib/libmchp_peripheral_32MX795F512L.a(port_set_bits_lib.o)
 .debug_aranges
                0x00000398       0x20 /opt/microchip/mplabc32/v2.02/bin/../lib/gcc/pic32mx/4.5.1/../../../../pic32mx/lib/libmchp_peripheral_32MX795F512L.a(int_enable_interrupts_lib.o)

.debug_pubnames
                0x00000000     0x11dd
 *(.debug_pubnames)
 .debug_pubnames
                0x00000000       0xc4 build/default/production/_ext/380863233/bt_utils.o
 .debug_pubnames
                0x000000c4      0x1b9 build/default/production/_ext/380863233/hci.o
 .debug_pubnames
                0x0000027d       0x84 build/default/production/_ext/380863233/hci_usb.o
 .debug_pubnames
                0x00000301      0x1d1 build/default/production/_ext/380863233/l2cap_2.o
 .debug_pubnames
                0x000004d2      0x183 build/default/production/_ext/380863233/rfcomm.o
 .debug_pubnames
                0x00000655       0x54 build/default/production/_ext/380863233/rfcomm_fcs.o
 .debug_pubnames
                0x000006a9      0x185 build/default/production/_ext/380863233/sdp.o
 .debug_pubnames
                0x0000082e      0x150 build/default/production/_ext/592302047/usb_host_bluetooth.o
 .debug_pubnames
                0x0000097e       0x85 build/default/production/_ext/1472/BTApp.o
 .debug_pubnames
                0x00000a03       0x73 build/default/production/_ext/1472/debug.o
 .debug_pubnames
                0x00000a76       0x60 build/default/production/_ext/2137914310/main.o
 .debug_pubnames
                0x00000ad6       0x33 build/default/production/_ext/2137914310/usb_config.o
 .debug_pubnames
                0x00000b09      0x401 build/default/production/_ext/343710134/usb_host.o
 .debug_pubnames
                0x00000f0a       0x32 /opt/microchip/mplabc32/v2.02/bin/../lib/gcc/pic32mx/4.5.1/../../../../pic32mx/lib/libc.a(malloc.o)
 .debug_pubnames
                0x00000f3c       0x1b /opt/microchip/mplabc32/v2.02/bin/../lib/gcc/pic32mx/4.5.1/../../../../pic32mx/lib/libc.a(exit.o)
 .debug_pubnames
                0x00000f57       0x5c /opt/microchip/mplabc32/v2.02/bin/../lib/gcc/pic32mx/4.5.1/../../../../pic32mx/lib/libc.a(sbrk.o)
 .debug_pubnames
                0x00000fb3       0x31 /opt/microchip/mplabc32/v2.02/bin/../lib/gcc/pic32mx/4.5.1/../../../../pic32mx/lib/libc.a(default-general-exception-handler.o)
 .debug_pubnames
                0x00000fe4       0x33 /opt/microchip/mplabc32/v2.02/bin/../lib/gcc/pic32mx/4.5.1/../../../../pic32mx/lib/libc.a(default-bootstrap-exception-handler.o)
 .debug_pubnames
                0x00001017       0x20 /opt/microchip/mplabc32/v2.02/bin/../lib/gcc/pic32mx/4.5.1/../../../../pic32mx/lib/libc.a(default-on-reset.o)
 .debug_pubnames
                0x00001037       0x24 /opt/microchip/mplabc32/v2.02/bin/../lib/gcc/pic32mx/4.5.1/../../../../pic32mx/lib/libc.a(default-on-bootstrap.o)
 .debug_pubnames
                0x0000105b       0x1f /opt/microchip/mplabc32/v2.02/bin/../lib/gcc/pic32mx/4.5.1/../../../../pic32mx/lib/libc.a(stdclean_simple.o)
 .debug_pubnames
                0x0000107a       0x3b /opt/microchip/mplabc32/v2.02/bin/../lib/gcc/pic32mx/4.5.1/../../../../pic32mx/lib/libmchp_peripheral_32MX795F512L.a(pcache.o)
 .debug_pubnames
                0x000010b5       0x2b /opt/microchip/mplabc32/v2.02/bin/../lib/gcc/pic32mx/4.5.1/../../../../pic32mx/lib/libmchp_peripheral_32MX795F512L.a(int_disable_interrupts_lib.o)
 .debug_pubnames
                0x000010e0       0x2b /opt/microchip/mplabc32/v2.02/bin/../lib/gcc/pic32mx/4.5.1/../../../../pic32mx/lib/libmchp_peripheral_32MX795F512L.a(int_restore_interrupts_lib.o)
 .debug_pubnames
                0x0000110b       0x36 /opt/microchip/mplabc32/v2.02/bin/../lib/gcc/pic32mx/4.5.1/../../../../pic32mx/lib/libmchp_peripheral_32MX795F512L.a(int_enable_mv_int_lib.o)
 .debug_pubnames
                0x00001141       0x2c /opt/microchip/mplabc32/v2.02/bin/../lib/gcc/pic32mx/4.5.1/../../../../pic32mx/lib/libmchp_peripheral_32MX795F512L.a(port_set_pins_digital_out_lib.o)
 .debug_pubnames
                0x0000116d       0x24 /opt/microchip/mplabc32/v2.02/bin/../lib/gcc/pic32mx/4.5.1/../../../../pic32mx/lib/libmchp_peripheral_32MX795F512L.a(port_clear_bits_lib.o)
 .debug_pubnames
                0x00001191       0x22 /opt/microchip/mplabc32/v2.02/bin/../lib/gcc/pic32mx/4.5.1/../../../../pic32mx/lib/libmchp_peripheral_32MX795F512L.a(port_set_bits_lib.o)
 .debug_pubnames
                0x000011b3       0x2a /opt/microchip/mplabc32/v2.02/bin/../lib/gcc/pic32mx/4.5.1/../../../../pic32mx/lib/libmchp_peripheral_32MX795F512L.a(int_enable_interrupts_lib.o)

.debug_info     0x00000000    0x17c6d
 *(.debug_info .gnu.linkonce.wi.*)
 .debug_info    0x00000000      0x500 build/default/production/_ext/380863233/bt_utils.o
 .debug_info    0x00000500     0x22d8 build/default/production/_ext/380863233/hci.o
 .debug_info    0x000027d8     0x1586 build/default/production/_ext/380863233/hci_usb.o
 .debug_info    0x00003d5e     0x25f6 build/default/production/_ext/380863233/l2cap_2.o
 .debug_info    0x00006354     0x1e97 build/default/production/_ext/380863233/rfcomm.o
 .debug_info    0x000081eb      0x30f build/default/production/_ext/380863233/rfcomm_fcs.o
 .debug_info    0x000084fa     0x1f22 build/default/production/_ext/380863233/sdp.o
 .debug_info    0x0000a41c     0x1c18 build/default/production/_ext/592302047/usb_host_bluetooth.o
 .debug_info    0x0000c034     0x183f build/default/production/_ext/1472/BTApp.o
 .debug_info    0x0000d873     0x1517 build/default/production/_ext/1472/debug.o
 .debug_info    0x0000ed8a     0x1de7 build/default/production/_ext/2137914310/main.o
 .debug_info    0x00010b71     0x17b1 build/default/production/_ext/2137914310/usb_config.o
 .debug_info    0x00012322     0x4b4a build/default/production/_ext/343710134/usb_host.o
 .debug_info    0x00016e6c      0x100 /opt/microchip/mplabc32/v2.02/bin/../lib/gcc/pic32mx/4.5.1/../../../../pic32mx/lib/libc.a(malloc.o)
 .debug_info    0x00016f6c       0xcd /opt/microchip/mplabc32/v2.02/bin/../lib/gcc/pic32mx/4.5.1/../../../../pic32mx/lib/libc.a(exit.o)
 .debug_info    0x00017039      0x139 /opt/microchip/mplabc32/v2.02/bin/../lib/gcc/pic32mx/4.5.1/../../../../pic32mx/lib/libc.a(sbrk.o)
 .debug_info    0x00017172      0x102 /opt/microchip/mplabc32/v2.02/bin/../lib/gcc/pic32mx/4.5.1/../../../../pic32mx/lib/libc.a(default-general-exception-handler.o)
 .debug_info    0x00017274      0x106 /opt/microchip/mplabc32/v2.02/bin/../lib/gcc/pic32mx/4.5.1/../../../../pic32mx/lib/libc.a(default-bootstrap-exception-handler.o)
 .debug_info    0x0001737a       0xe0 /opt/microchip/mplabc32/v2.02/bin/../lib/gcc/pic32mx/4.5.1/../../../../pic32mx/lib/libc.a(default-on-reset.o)
 .debug_info    0x0001745a       0xe8 /opt/microchip/mplabc32/v2.02/bin/../lib/gcc/pic32mx/4.5.1/../../../../pic32mx/lib/libc.a(default-on-bootstrap.o)
 .debug_info    0x00017542       0xdc /opt/microchip/mplabc32/v2.02/bin/../lib/gcc/pic32mx/4.5.1/../../../../pic32mx/lib/libc.a(stdclean_simple.o)
 .debug_info    0x0001761e        0x0 /opt/microchip/mplabc32/v2.02/bin/../lib/gcc/pic32mx/4.5.1/../../../../pic32mx/lib/libc.a(errno.o)
 .debug_info    0x0001761e       0xd4 /opt/microchip/mplabc32/v2.02/bin/../lib/gcc/pic32mx/4.5.1/../../../../pic32mx/lib/libmchp_peripheral_32MX795F512L.a(pcache.o)
 .debug_info    0x000176f2       0xcb /opt/microchip/mplabc32/v2.02/bin/../lib/gcc/pic32mx/4.5.1/../../../../pic32mx/lib/libmchp_peripheral_32MX795F512L.a(int_disable_interrupts_lib.o)
 .debug_info    0x000177bd       0xcb /opt/microchip/mplabc32/v2.02/bin/../lib/gcc/pic32mx/4.5.1/../../../../pic32mx/lib/libmchp_peripheral_32MX795F512L.a(int_restore_interrupts_lib.o)
 .debug_info    0x00017888       0xd1 /opt/microchip/mplabc32/v2.02/bin/../lib/gcc/pic32mx/4.5.1/../../../../pic32mx/lib/libmchp_peripheral_32MX795F512L.a(int_enable_mv_int_lib.o)
 .debug_info    0x00017959       0xd1 /opt/microchip/mplabc32/v2.02/bin/../lib/gcc/pic32mx/4.5.1/../../../../pic32mx/lib/libmchp_peripheral_32MX795F512L.a(port_set_pins_digital_out_lib.o)
 .debug_info    0x00017a2a       0xbf /opt/microchip/mplabc32/v2.02/bin/../lib/gcc/pic32mx/4.5.1/../../../../pic32mx/lib/libmchp_peripheral_32MX795F512L.a(port_clear_bits_lib.o)
 .debug_info    0x00017ae9       0xbb /opt/microchip/mplabc32/v2.02/bin/../lib/gcc/pic32mx/4.5.1/../../../../pic32mx/lib/libmchp_peripheral_32MX795F512L.a(port_set_bits_lib.o)
 .debug_info    0x00017ba4        0x0 /opt/microchip/mplabc32/v2.02/bin/../lib/gcc/pic32mx/4.5.1/../../../../pic32mx/lib/libmchp_peripheral_32MX795F512L.a(_ports_tbl_libp.o)
 .debug_info    0x00017ba4       0xc9 /opt/microchip/mplabc32/v2.02/bin/../lib/gcc/pic32mx/4.5.1/../../../../pic32mx/lib/libmchp_peripheral_32MX795F512L.a(int_enable_interrupts_lib.o)

.debug_abbrev   0x00000000     0x21fe
 *(.debug_abbrev)
 .debug_abbrev  0x00000000       0xdc build/default/production/_ext/380863233/bt_utils.o
 .debug_abbrev  0x000000dc      0x34d build/default/production/_ext/380863233/hci.o
 .debug_abbrev  0x00000429      0x246 build/default/production/_ext/380863233/hci_usb.o
 .debug_abbrev  0x0000066f      0x304 build/default/production/_ext/380863233/l2cap_2.o
 .debug_abbrev  0x00000973      0x2eb build/default/production/_ext/380863233/rfcomm.o
 .debug_abbrev  0x00000c5e       0xaa build/default/production/_ext/380863233/rfcomm_fcs.o
 .debug_abbrev  0x00000d08      0x2f9 build/default/production/_ext/380863233/sdp.o
 .debug_abbrev  0x00001001      0x26a build/default/production/_ext/592302047/usb_host_bluetooth.o
 .debug_abbrev  0x0000126b      0x28f build/default/production/_ext/1472/BTApp.o
 .debug_abbrev  0x000014fa      0x20a build/default/production/_ext/1472/debug.o
 .debug_abbrev  0x00001704      0x349 build/default/production/_ext/2137914310/main.o
 .debug_abbrev  0x00001a4d      0x205 build/default/production/_ext/2137914310/usb_config.o
 .debug_abbrev  0x00001c52      0x329 build/default/production/_ext/343710134/usb_host.o
 .debug_abbrev  0x00001f7b       0x41 /opt/microchip/mplabc32/v2.02/bin/../lib/gcc/pic32mx/4.5.1/../../../../pic32mx/lib/libc.a(malloc.o)
 .debug_abbrev  0x00001fbc       0x25 /opt/microchip/mplabc32/v2.02/bin/../lib/gcc/pic32mx/4.5.1/../../../../pic32mx/lib/libc.a(exit.o)
 .debug_abbrev  0x00001fe1       0x38 /opt/microchip/mplabc32/v2.02/bin/../lib/gcc/pic32mx/4.5.1/../../../../pic32mx/lib/libc.a(sbrk.o)
 .debug_abbrev  0x00002019       0x25 /opt/microchip/mplabc32/v2.02/bin/../lib/gcc/pic32mx/4.5.1/../../../../pic32mx/lib/libc.a(default-general-exception-handler.o)
 .debug_abbrev  0x0000203e       0x25 /opt/microchip/mplabc32/v2.02/bin/../lib/gcc/pic32mx/4.5.1/../../../../pic32mx/lib/libc.a(default-bootstrap-exception-handler.o)
 .debug_abbrev  0x00002063       0x25 /opt/microchip/mplabc32/v2.02/bin/../lib/gcc/pic32mx/4.5.1/../../../../pic32mx/lib/libc.a(default-on-reset.o)
 .debug_abbrev  0x00002088       0x25 /opt/microchip/mplabc32/v2.02/bin/../lib/gcc/pic32mx/4.5.1/../../../../pic32mx/lib/libc.a(default-on-bootstrap.o)
 .debug_abbrev  0x000020ad       0x27 /opt/microchip/mplabc32/v2.02/bin/../lib/gcc/pic32mx/4.5.1/../../../../pic32mx/lib/libc.a(stdclean_simple.o)
 .debug_abbrev  0x000020d4        0x1 /opt/microchip/mplabc32/v2.02/bin/../lib/gcc/pic32mx/4.5.1/../../../../pic32mx/lib/libc.a(errno.o)
 .debug_abbrev  0x000020d5       0x25 /opt/microchip/mplabc32/v2.02/bin/../lib/gcc/pic32mx/4.5.1/../../../../pic32mx/lib/libmchp_peripheral_32MX795F512L.a(pcache.o)
 .debug_abbrev  0x000020fa       0x25 /opt/microchip/mplabc32/v2.02/bin/../lib/gcc/pic32mx/4.5.1/../../../../pic32mx/lib/libmchp_peripheral_32MX795F512L.a(int_disable_interrupts_lib.o)
 .debug_abbrev  0x0000211f       0x25 /opt/microchip/mplabc32/v2.02/bin/../lib/gcc/pic32mx/4.5.1/../../../../pic32mx/lib/libmchp_peripheral_32MX795F512L.a(int_restore_interrupts_lib.o)
 .debug_abbrev  0x00002144       0x25 /opt/microchip/mplabc32/v2.02/bin/../lib/gcc/pic32mx/4.5.1/../../../../pic32mx/lib/libmchp_peripheral_32MX795F512L.a(int_enable_mv_int_lib.o)
 .debug_abbrev  0x00002169       0x25 /opt/microchip/mplabc32/v2.02/bin/../lib/gcc/pic32mx/4.5.1/../../../../pic32mx/lib/libmchp_peripheral_32MX795F512L.a(port_set_pins_digital_out_lib.o)
 .debug_abbrev  0x0000218e       0x25 /opt/microchip/mplabc32/v2.02/bin/../lib/gcc/pic32mx/4.5.1/../../../../pic32mx/lib/libmchp_peripheral_32MX795F512L.a(port_clear_bits_lib.o)
 .debug_abbrev  0x000021b3       0x25 /opt/microchip/mplabc32/v2.02/bin/../lib/gcc/pic32mx/4.5.1/../../../../pic32mx/lib/libmchp_peripheral_32MX795F512L.a(port_set_bits_lib.o)
 .debug_abbrev  0x000021d8        0x1 /opt/microchip/mplabc32/v2.02/bin/../lib/gcc/pic32mx/4.5.1/../../../../pic32mx/lib/libmchp_peripheral_32MX795F512L.a(_ports_tbl_libp.o)
 .debug_abbrev  0x000021d9       0x25 /opt/microchip/mplabc32/v2.02/bin/../lib/gcc/pic32mx/4.5.1/../../../../pic32mx/lib/libmchp_peripheral_32MX795F512L.a(int_enable_interrupts_lib.o)

.debug_line     0x00000000     0x337d
 *(.debug_line)
 .debug_line    0x00000000      0x137 build/default/production/_ext/380863233/bt_utils.o
 .debug_line    0x00000137      0x3f7 build/default/production/_ext/380863233/hci.o
 .debug_line    0x0000052e      0x1ff build/default/production/_ext/380863233/hci_usb.o
 .debug_line    0x0000072d      0x437 build/default/production/_ext/380863233/l2cap_2.o
 .debug_line    0x00000b64      0x39f build/default/production/_ext/380863233/rfcomm.o
 .debug_line    0x00000f03       0xd2 build/default/production/_ext/380863233/rfcomm_fcs.o
 .debug_line    0x00000fd5      0x365 build/default/production/_ext/380863233/sdp.o
 .debug_line    0x0000133a      0x2ba build/default/production/_ext/592302047/usb_host_bluetooth.o
 .debug_line    0x000015f4      0x1fb build/default/production/_ext/1472/BTApp.o
 .debug_line    0x000017ef      0x1ca build/default/production/_ext/1472/debug.o
 .debug_line    0x000019b9      0x31b build/default/production/_ext/2137914310/main.o
 .debug_line    0x00001cd4      0x1b4 build/default/production/_ext/2137914310/usb_config.o
 .debug_line    0x00001e88      0xd42 build/default/production/_ext/343710134/usb_host.o
 .debug_line    0x00002bca       0x87 /opt/microchip/mplabc32/v2.02/bin/../lib/gcc/pic32mx/4.5.1/../../../../pic32mx/lib/libc.a(malloc.o)
 .debug_line    0x00002c51       0x85 /opt/microchip/mplabc32/v2.02/bin/../lib/gcc/pic32mx/4.5.1/../../../../pic32mx/lib/libc.a(exit.o)
 .debug_line    0x00002cd6       0x87 /opt/microchip/mplabc32/v2.02/bin/../lib/gcc/pic32mx/4.5.1/../../../../pic32mx/lib/libc.a(sbrk.o)
 .debug_line    0x00002d5d       0xa4 /opt/microchip/mplabc32/v2.02/bin/../lib/gcc/pic32mx/4.5.1/../../../../pic32mx/lib/libc.a(default-general-exception-handler.o)
 .debug_line    0x00002e01       0xa6 /opt/microchip/mplabc32/v2.02/bin/../lib/gcc/pic32mx/4.5.1/../../../../pic32mx/lib/libc.a(default-bootstrap-exception-handler.o)
 .debug_line    0x00002ea7       0x93 /opt/microchip/mplabc32/v2.02/bin/../lib/gcc/pic32mx/4.5.1/../../../../pic32mx/lib/libc.a(default-on-reset.o)
 .debug_line    0x00002f3a       0x97 /opt/microchip/mplabc32/v2.02/bin/../lib/gcc/pic32mx/4.5.1/../../../../pic32mx/lib/libc.a(default-on-bootstrap.o)
 .debug_line    0x00002fd1       0x32 /opt/microchip/mplabc32/v2.02/bin/../lib/gcc/pic32mx/4.5.1/../../../../pic32mx/lib/libc.a(stdclean_simple.o)
 .debug_line    0x00003003        0x0 /opt/microchip/mplabc32/v2.02/bin/../lib/gcc/pic32mx/4.5.1/../../../../pic32mx/lib/libc.a(errno.o)
 .debug_line    0x00003003       0x62 /opt/microchip/mplabc32/v2.02/bin/../lib/gcc/pic32mx/4.5.1/../../../../pic32mx/lib/libmchp_peripheral_32MX795F512L.a(pcache.o)
 .debug_line    0x00003065       0x73 /opt/microchip/mplabc32/v2.02/bin/../lib/gcc/pic32mx/4.5.1/../../../../pic32mx/lib/libmchp_peripheral_32MX795F512L.a(int_disable_interrupts_lib.o)
 .debug_line    0x000030d8       0x73 /opt/microchip/mplabc32/v2.02/bin/../lib/gcc/pic32mx/4.5.1/../../../../pic32mx/lib/libmchp_peripheral_32MX795F512L.a(int_restore_interrupts_lib.o)
 .debug_line    0x0000314b       0x6e /opt/microchip/mplabc32/v2.02/bin/../lib/gcc/pic32mx/4.5.1/../../../../pic32mx/lib/libmchp_peripheral_32MX795F512L.a(int_enable_mv_int_lib.o)
 .debug_line    0x000031b9       0x78 /opt/microchip/mplabc32/v2.02/bin/../lib/gcc/pic32mx/4.5.1/../../../../pic32mx/lib/libmchp_peripheral_32MX795F512L.a(port_set_pins_digital_out_lib.o)
 .debug_line    0x00003231       0x6e /opt/microchip/mplabc32/v2.02/bin/../lib/gcc/pic32mx/4.5.1/../../../../pic32mx/lib/libmchp_peripheral_32MX795F512L.a(port_clear_bits_lib.o)
 .debug_line    0x0000329f       0x6c /opt/microchip/mplabc32/v2.02/bin/../lib/gcc/pic32mx/4.5.1/../../../../pic32mx/lib/libmchp_peripheral_32MX795F512L.a(port_set_bits_lib.o)
 .debug_line    0x0000330b        0x0 /opt/microchip/mplabc32/v2.02/bin/../lib/gcc/pic32mx/4.5.1/../../../../pic32mx/lib/libmchp_peripheral_32MX795F512L.a(_ports_tbl_libp.o)
 .debug_line    0x0000330b       0x72 /opt/microchip/mplabc32/v2.02/bin/../lib/gcc/pic32mx/4.5.1/../../../../pic32mx/lib/libmchp_peripheral_32MX795F512L.a(int_enable_interrupts_lib.o)

.debug_frame    0x00000000     0x13b0
 *(.debug_frame)
 .debug_frame   0x00000000      0x120 build/default/production/_ext/380863233/bt_utils.o
 .debug_frame   0x00000120      0x23c build/default/production/_ext/380863233/hci.o
 .debug_frame   0x0000035c       0xd4 build/default/production/_ext/380863233/hci_usb.o
 .debug_frame   0x00000430      0x224 build/default/production/_ext/380863233/l2cap_2.o
 .debug_frame   0x00000654      0x1f0 build/default/production/_ext/380863233/rfcomm.o
 .debug_frame   0x00000844       0x60 build/default/production/_ext/380863233/rfcomm_fcs.o
 .debug_frame   0x000008a4      0x124 build/default/production/_ext/380863233/sdp.o
 .debug_frame   0x000009c8      0x11c build/default/production/_ext/592302047/usb_host_bluetooth.o
 .debug_frame   0x00000ae4       0x9c build/default/production/_ext/1472/BTApp.o
 .debug_frame   0x00000b80       0xd4 build/default/production/_ext/1472/debug.o
 .debug_frame   0x00000c54       0x80 build/default/production/_ext/2137914310/main.o
 .debug_frame   0x00000cd4      0x408 build/default/production/_ext/343710134/usb_host.o
 .debug_frame   0x000010dc       0x68 /opt/microchip/mplabc32/v2.02/bin/../lib/gcc/pic32mx/4.5.1/../../../../pic32mx/lib/libc.a(malloc.o)
 .debug_frame   0x00001144       0x28 /opt/microchip/mplabc32/v2.02/bin/../lib/gcc/pic32mx/4.5.1/../../../../pic32mx/lib/libc.a(exit.o)
 .debug_frame   0x0000116c       0x8c /opt/microchip/mplabc32/v2.02/bin/../lib/gcc/pic32mx/4.5.1/../../../../pic32mx/lib/libc.a(sbrk.o)
 .debug_frame   0x000011f8       0x20 /opt/microchip/mplabc32/v2.02/bin/../lib/gcc/pic32mx/4.5.1/../../../../pic32mx/lib/libc.a(default-general-exception-handler.o)
 .debug_frame   0x00001218       0x20 /opt/microchip/mplabc32/v2.02/bin/../lib/gcc/pic32mx/4.5.1/../../../../pic32mx/lib/libc.a(default-bootstrap-exception-handler.o)
 .debug_frame   0x00001238       0x20 /opt/microchip/mplabc32/v2.02/bin/../lib/gcc/pic32mx/4.5.1/../../../../pic32mx/lib/libc.a(default-on-reset.o)
 .debug_frame   0x00001258       0x20 /opt/microchip/mplabc32/v2.02/bin/../lib/gcc/pic32mx/4.5.1/../../../../pic32mx/lib/libc.a(default-on-bootstrap.o)
 .debug_frame   0x00001278       0x20 /opt/microchip/mplabc32/v2.02/bin/../lib/gcc/pic32mx/4.5.1/../../../../pic32mx/lib/libc.a(stdclean_simple.o)
 .debug_frame   0x00001298       0x30 /opt/microchip/mplabc32/v2.02/bin/../lib/gcc/pic32mx/4.5.1/../../../../pic32mx/lib/libmchp_peripheral_32MX795F512L.a(pcache.o)
 .debug_frame   0x000012c8       0x20 /opt/microchip/mplabc32/v2.02/bin/../lib/gcc/pic32mx/4.5.1/../../../../pic32mx/lib/libmchp_peripheral_32MX795F512L.a(int_disable_interrupts_lib.o)
 .debug_frame   0x000012e8       0x20 /opt/microchip/mplabc32/v2.02/bin/../lib/gcc/pic32mx/4.5.1/../../../../pic32mx/lib/libmchp_peripheral_32MX795F512L.a(int_restore_interrupts_lib.o)
 .debug_frame   0x00001308       0x28 /opt/microchip/mplabc32/v2.02/bin/../lib/gcc/pic32mx/4.5.1/../../../../pic32mx/lib/libmchp_peripheral_32MX795F512L.a(int_enable_mv_int_lib.o)
 .debug_frame   0x00001330       0x20 /opt/microchip/mplabc32/v2.02/bin/../lib/gcc/pic32mx/4.5.1/../../../../pic32mx/lib/libmchp_peripheral_32MX795F512L.a(port_set_pins_digital_out_lib.o)
 .debug_frame   0x00001350       0x20 /opt/microchip/mplabc32/v2.02/bin/../lib/gcc/pic32mx/4.5.1/../../../../pic32mx/lib/libmchp_peripheral_32MX795F512L.a(port_clear_bits_lib.o)
 .debug_frame   0x00001370       0x20 /opt/microchip/mplabc32/v2.02/bin/../lib/gcc/pic32mx/4.5.1/../../../../pic32mx/lib/libmchp_peripheral_32MX795F512L.a(port_set_bits_lib.o)
 .debug_frame   0x00001390       0x20 /opt/microchip/mplabc32/v2.02/bin/../lib/gcc/pic32mx/4.5.1/../../../../pic32mx/lib/libmchp_peripheral_32MX795F512L.a(int_enable_interrupts_lib.o)

.debug_str      0x00000000     0x12d3
 *(.debug_str)
 .debug_str     0x00000000       0x14 build/default/production/_ext/380863233/bt_utils.o
 .debug_str     0x00000014      0x184 build/default/production/_ext/380863233/hci.o
 .debug_str     0x00000198      0x140 build/default/production/_ext/380863233/hci_usb.o
 .debug_str     0x000002d8      0x1a1 build/default/production/_ext/380863233/l2cap_2.o
 .debug_str     0x00000479      0x197 build/default/production/_ext/380863233/rfcomm.o
 .debug_str     0x00000610        0x0 build/default/production/_ext/380863233/rfcomm_fcs.o
 .debug_str     0x00000610      0x244 build/default/production/_ext/380863233/sdp.o
 .debug_str     0x00000854      0x190 build/default/production/_ext/592302047/usb_host_bluetooth.o
 .debug_str     0x000009e4      0x169 build/default/production/_ext/1472/BTApp.o
 .debug_str     0x00000b4d      0x148 build/default/production/_ext/1472/debug.o
 .debug_str     0x00000c95      0x183 build/default/production/_ext/2137914310/main.o
 .debug_str     0x00000e18      0x12f build/default/production/_ext/2137914310/usb_config.o
 .debug_str     0x00000f47      0x38c build/default/production/_ext/343710134/usb_host.o
 .debug_str     0x000012d3        0x0 /opt/microchip/mplabc32/v2.02/bin/../lib/gcc/pic32mx/4.5.1/../../../../pic32mx/lib/libc.a(malloc.o)
 .debug_str     0x000012d3        0x0 /opt/microchip/mplabc32/v2.02/bin/../lib/gcc/pic32mx/4.5.1/../../../../pic32mx/lib/libc.a(exit.o)
 .debug_str     0x000012d3        0x0 /opt/microchip/mplabc32/v2.02/bin/../lib/gcc/pic32mx/4.5.1/../../../../pic32mx/lib/libc.a(sbrk.o)
 .debug_str     0x000012d3        0x0 /opt/microchip/mplabc32/v2.02/bin/../lib/gcc/pic32mx/4.5.1/../../../../pic32mx/lib/libc.a(default-general-exception-handler.o)
 .debug_str     0x000012d3        0x0 /opt/microchip/mplabc32/v2.02/bin/../lib/gcc/pic32mx/4.5.1/../../../../pic32mx/lib/libc.a(default-bootstrap-exception-handler.o)
 .debug_str     0x000012d3        0x0 /opt/microchip/mplabc32/v2.02/bin/../lib/gcc/pic32mx/4.5.1/../../../../pic32mx/lib/libc.a(default-on-reset.o)
 .debug_str     0x000012d3        0x0 /opt/microchip/mplabc32/v2.02/bin/../lib/gcc/pic32mx/4.5.1/../../../../pic32mx/lib/libc.a(default-on-bootstrap.o)
 .debug_str     0x000012d3        0x0 /opt/microchip/mplabc32/v2.02/bin/../lib/gcc/pic32mx/4.5.1/../../../../pic32mx/lib/libc.a(stdclean_simple.o)
 .debug_str     0x000012d3        0x0 /opt/microchip/mplabc32/v2.02/bin/../lib/gcc/pic32mx/4.5.1/../../../../pic32mx/lib/libc.a(errno.o)
 .debug_str     0x000012d3        0x0 /opt/microchip/mplabc32/v2.02/bin/../lib/gcc/pic32mx/4.5.1/../../../../pic32mx/lib/libmchp_peripheral_32MX795F512L.a(pcache.o)
 .debug_str     0x000012d3        0x0 /opt/microchip/mplabc32/v2.02/bin/../lib/gcc/pic32mx/4.5.1/../../../../pic32mx/lib/libmchp_peripheral_32MX795F512L.a(int_disable_interrupts_lib.o)
 .debug_str     0x000012d3        0x0 /opt/microchip/mplabc32/v2.02/bin/../lib/gcc/pic32mx/4.5.1/../../../../pic32mx/lib/libmchp_peripheral_32MX795F512L.a(int_restore_interrupts_lib.o)
 .debug_str     0x000012d3        0x0 /opt/microchip/mplabc32/v2.02/bin/../lib/gcc/pic32mx/4.5.1/../../../../pic32mx/lib/libmchp_peripheral_32MX795F512L.a(int_enable_mv_int_lib.o)
 .debug_str     0x000012d3        0x0 /opt/microchip/mplabc32/v2.02/bin/../lib/gcc/pic32mx/4.5.1/../../../../pic32mx/lib/libmchp_peripheral_32MX795F512L.a(port_set_pins_digital_out_lib.o)
 .debug_str     0x000012d3        0x0 /opt/microchip/mplabc32/v2.02/bin/../lib/gcc/pic32mx/4.5.1/../../../../pic32mx/lib/libmchp_peripheral_32MX795F512L.a(port_clear_bits_lib.o)
 .debug_str     0x000012d3        0x0 /opt/microchip/mplabc32/v2.02/bin/../lib/gcc/pic32mx/4.5.1/../../../../pic32mx/lib/libmchp_peripheral_32MX795F512L.a(port_set_bits_lib.o)
 .debug_str     0x000012d3        0x0 /opt/microchip/mplabc32/v2.02/bin/../lib/gcc/pic32mx/4.5.1/../../../../pic32mx/lib/libmchp_peripheral_32MX795F512L.a(_ports_tbl_libp.o)
 .debug_str     0x000012d3        0x0 /opt/microchip/mplabc32/v2.02/bin/../lib/gcc/pic32mx/4.5.1/../../../../pic32mx/lib/libmchp_peripheral_32MX795F512L.a(int_enable_interrupts_lib.o)

.debug_loc
 *(.debug_loc)

.debug_macinfo
 *(.debug_macinfo)

.debug_weaknames
 *(.debug_weaknames)

.debug_funcnames
 *(.debug_funcnames)

.debug_typenames
 *(.debug_typenames)

.debug_varnames
 *(.debug_varnames)

.debug_pubtypes
                0x00000000     0x17ae
 *(.debug_pubtypes)
 .debug_pubtypes
                0x00000000       0x55 build/default/production/_ext/380863233/bt_utils.o
 .debug_pubtypes
                0x00000055      0x232 build/default/production/_ext/380863233/hci.o
 .debug_pubtypes
                0x00000287      0x15d build/default/production/_ext/380863233/hci_usb.o
 .debug_pubtypes
                0x000003e4      0x1fd build/default/production/_ext/380863233/l2cap_2.o
 .debug_pubtypes
                0x000005e1      0x1cd build/default/production/_ext/380863233/rfcomm.o
 .debug_pubtypes
                0x000007ae       0x38 build/default/production/_ext/380863233/rfcomm_fcs.o
 .debug_pubtypes
                0x000007e6      0x1e5 build/default/production/_ext/380863233/sdp.o
 .debug_pubtypes
                0x000009cb      0x1c7 build/default/production/_ext/592302047/usb_host_bluetooth.o
 .debug_pubtypes
                0x00000b92      0x1f2 build/default/production/_ext/1472/BTApp.o
 .debug_pubtypes
                0x00000d84      0x12e build/default/production/_ext/1472/debug.o
 .debug_pubtypes
                0x00000eb2      0x1ba build/default/production/_ext/2137914310/main.o
 .debug_pubtypes
                0x0000106c      0x19f build/default/production/_ext/2137914310/usb_config.o
 .debug_pubtypes
                0x0000120b      0x5a3 build/default/production/_ext/343710134/usb_host.o

.debug_ranges   0x00000000      0x1a0
 *(.debug_ranges)
 .debug_ranges  0x00000000       0x28 build/default/production/_ext/380863233/hci.o
 .debug_ranges  0x00000028       0x40 build/default/production/_ext/2137914310/main.o
 .debug_ranges  0x00000068       0x20 /opt/microchip/mplabc32/v2.02/bin/../lib/gcc/pic32mx/4.5.1/../../../../pic32mx/lib/libc.a(malloc.o)
 .debug_ranges  0x00000088       0x10 /opt/microchip/mplabc32/v2.02/bin/../lib/gcc/pic32mx/4.5.1/../../../../pic32mx/lib/libc.a(exit.o)
 .debug_ranges  0x00000098       0x30 /opt/microchip/mplabc32/v2.02/bin/../lib/gcc/pic32mx/4.5.1/../../../../pic32mx/lib/libc.a(sbrk.o)
 .debug_ranges  0x000000c8       0x10 /opt/microchip/mplabc32/v2.02/bin/../lib/gcc/pic32mx/4.5.1/../../../../pic32mx/lib/libc.a(default-general-exception-handler.o)
 .debug_ranges  0x000000d8       0x10 /opt/microchip/mplabc32/v2.02/bin/../lib/gcc/pic32mx/4.5.1/../../../../pic32mx/lib/libc.a(default-bootstrap-exception-handler.o)
 .debug_ranges  0x000000e8       0x10 /opt/microchip/mplabc32/v2.02/bin/../lib/gcc/pic32mx/4.5.1/../../../../pic32mx/lib/libc.a(default-on-reset.o)
 .debug_ranges  0x000000f8       0x10 /opt/microchip/mplabc32/v2.02/bin/../lib/gcc/pic32mx/4.5.1/../../../../pic32mx/lib/libc.a(default-on-bootstrap.o)
 .debug_ranges  0x00000108       0x10 /opt/microchip/mplabc32/v2.02/bin/../lib/gcc/pic32mx/4.5.1/../../../../pic32mx/lib/libc.a(stdclean_simple.o)
 .debug_ranges  0x00000118       0x18 /opt/microchip/mplabc32/v2.02/bin/../lib/gcc/pic32mx/4.5.1/../../../../pic32mx/lib/libmchp_peripheral_32MX795F512L.a(pcache.o)
 .debug_ranges  0x00000130       0x10 /opt/microchip/mplabc32/v2.02/bin/../lib/gcc/pic32mx/4.5.1/../../../../pic32mx/lib/libmchp_peripheral_32MX795F512L.a(int_disable_interrupts_lib.o)
 .debug_ranges  0x00000140       0x10 /opt/microchip/mplabc32/v2.02/bin/../lib/gcc/pic32mx/4.5.1/../../../../pic32mx/lib/libmchp_peripheral_32MX795F512L.a(int_restore_interrupts_lib.o)
 .debug_ranges  0x00000150       0x10 /opt/microchip/mplabc32/v2.02/bin/../lib/gcc/pic32mx/4.5.1/../../../../pic32mx/lib/libmchp_peripheral_32MX795F512L.a(int_enable_mv_int_lib.o)
 .debug_ranges  0x00000160       0x10 /opt/microchip/mplabc32/v2.02/bin/../lib/gcc/pic32mx/4.5.1/../../../../pic32mx/lib/libmchp_peripheral_32MX795F512L.a(port_set_pins_digital_out_lib.o)
 .debug_ranges  0x00000170       0x10 /opt/microchip/mplabc32/v2.02/bin/../lib/gcc/pic32mx/4.5.1/../../../../pic32mx/lib/libmchp_peripheral_32MX795F512L.a(port_clear_bits_lib.o)
 .debug_ranges  0x00000180       0x10 /opt/microchip/mplabc32/v2.02/bin/../lib/gcc/pic32mx/4.5.1/../../../../pic32mx/lib/libmchp_peripheral_32MX795F512L.a(port_set_bits_lib.o)
 .debug_ranges  0x00000190       0x10 /opt/microchip/mplabc32/v2.02/bin/../lib/gcc/pic32mx/4.5.1/../../../../pic32mx/lib/libmchp_peripheral_32MX795F512L.a(int_enable_interrupts_lib.o)

.gnu.attributes
                0x00000000       0x10
 *(.gnu.attributes)
 .gnu.attributes
                0x00000000       0x10 build/default/production/_ext/380863233/bt_utils.o
 .gnu.attributes
                0x00000010       0x10 build/default/production/_ext/380863233/hci.o
 .gnu.attributes
                0x00000020       0x10 build/default/production/_ext/380863233/hci_usb.o
 .gnu.attributes
                0x00000030       0x10 build/default/production/_ext/380863233/l2cap_2.o
 .gnu.attributes
                0x00000040       0x10 build/default/production/_ext/380863233/rfcomm.o
 .gnu.attributes
                0x00000050       0x10 build/default/production/_ext/380863233/rfcomm_fcs.o
 .gnu.attributes
                0x00000060       0x10 build/default/production/_ext/380863233/sdp.o
 .gnu.attributes
                0x00000070       0x10 build/default/production/_ext/592302047/usb_host_bluetooth.o
 .gnu.attributes
                0x00000080       0x10 build/default/production/_ext/1472/BTApp.o
 .gnu.attributes
                0x00000090       0x10 build/default/production/_ext/1472/debug.o
 .gnu.attributes
                0x000000a0       0x10 build/default/production/_ext/2137914310/main.o
 .gnu.attributes
                0x000000b0       0x10 build/default/production/_ext/2137914310/usb_config.o
 .gnu.attributes
                0x000000c0       0x10 build/default/production/_ext/343710134/usb_host.o
 .gnu.attributes
                0x000000d0       0x10 /opt/microchip/mplabc32/v2.02/bin/../lib/gcc/pic32mx/4.5.1/../../../../pic32mx/lib/libc.a(malloc.o)
 .gnu.attributes
                0x000000e0       0x10 /opt/microchip/mplabc32/v2.02/bin/../lib/gcc/pic32mx/4.5.1/../../../../pic32mx/lib/libc.a(exit.o)
 .gnu.attributes
                0x000000f0       0x10 /opt/microchip/mplabc32/v2.02/bin/../lib/gcc/pic32mx/4.5.1/../../../../pic32mx/lib/libc.a(sbrk.o)
 .gnu.attributes
                0x00000100       0x10 /opt/microchip/mplabc32/v2.02/bin/../lib/gcc/pic32mx/4.5.1/../../../../pic32mx/lib/libc.a(default-general-exception-handler.o)
 .gnu.attributes
                0x00000110       0x10 /opt/microchip/mplabc32/v2.02/bin/../lib/gcc/pic32mx/4.5.1/../../../../pic32mx/lib/libc.a(default-bootstrap-exception-handler.o)
 .gnu.attributes
                0x00000120       0x10 /opt/microchip/mplabc32/v2.02/bin/../lib/gcc/pic32mx/4.5.1/../../../../pic32mx/lib/libc.a(default-on-reset.o)
 .gnu.attributes
                0x00000130       0x10 /opt/microchip/mplabc32/v2.02/bin/../lib/gcc/pic32mx/4.5.1/../../../../pic32mx/lib/libc.a(default-on-bootstrap.o)
 .gnu.attributes
                0x00000140       0x10 /opt/microchip/mplabc32/v2.02/bin/../lib/gcc/pic32mx/4.5.1/../../../../pic32mx/lib/libc.a(stdclean_simple.o)
 .gnu.attributes
                0x00000150       0x10 /opt/microchip/mplabc32/v2.02/bin/../lib/gcc/pic32mx/4.5.1/../../../../pic32mx/lib/libc.a(errno.o)
 .gnu.attributes
                0x00000160       0x10 /opt/microchip/mplabc32/v2.02/bin/../lib/gcc/pic32mx/4.5.1/../../../../pic32mx/lib/libmchp_peripheral_32MX795F512L.a(pcache.o)
 .gnu.attributes
                0x00000170       0x10 /opt/microchip/mplabc32/v2.02/bin/../lib/gcc/pic32mx/4.5.1/../../../../pic32mx/lib/libmchp_peripheral_32MX795F512L.a(int_disable_interrupts_lib.o)
 .gnu.attributes
                0x00000180       0x10 /opt/microchip/mplabc32/v2.02/bin/../lib/gcc/pic32mx/4.5.1/../../../../pic32mx/lib/libmchp_peripheral_32MX795F512L.a(int_restore_interrupts_lib.o)
 .gnu.attributes
                0x00000190       0x10 /opt/microchip/mplabc32/v2.02/bin/../lib/gcc/pic32mx/4.5.1/../../../../pic32mx/lib/libmchp_peripheral_32MX795F512L.a(int_enable_mv_int_lib.o)
 .gnu.attributes
                0x000001a0       0x10 /opt/microchip/mplabc32/v2.02/bin/../lib/gcc/pic32mx/4.5.1/../../../../pic32mx/lib/libmchp_peripheral_32MX795F512L.a(port_set_pins_digital_out_lib.o)
 .gnu.attributes
                0x000001b0       0x10 /opt/microchip/mplabc32/v2.02/bin/../lib/gcc/pic32mx/4.5.1/../../../../pic32mx/lib/libmchp_peripheral_32MX795F512L.a(port_clear_bits_lib.o)
 .gnu.attributes
                0x000001c0       0x10 /opt/microchip/mplabc32/v2.02/bin/../lib/gcc/pic32mx/4.5.1/../../../../pic32mx/lib/libmchp_peripheral_32MX795F512L.a(port_set_bits_lib.o)
 .gnu.attributes
                0x000001d0       0x10 /opt/microchip/mplabc32/v2.02/bin/../lib/gcc/pic32mx/4.5.1/../../../../pic32mx/lib/libmchp_peripheral_32MX795F512L.a(_ports_tbl_libp.o)
 .gnu.attributes
                0x000001e0       0x10 /opt/microchip/mplabc32/v2.02/bin/../lib/gcc/pic32mx/4.5.1/../../../../pic32mx/lib/libmchp_peripheral_32MX795F512L.a(int_enable_interrupts_lib.o)
OUTPUT(dist/default/production/MPLABX_SmallTooth.production.elf elf32-tradlittlemips)
LOAD stack
LOAD data_init

.stack          0xa0002420      0x400
 .stack         0xa0002420      0x400 stack

.bss            0xa0000200      0x200
 .bss           0xa0000200      0x200 build/default/production/_ext/343710134/usb_host.o

.bss            0xa0000070       0x3c
 .bss           0xa0000070       0x20 /opt/microchip/mplabc32/v2.02/bin/../lib/gcc/pic32mx/4.5.1/../../../../pic32mx/lib/libc.a(malloc.o)
 .bss           0xa0000090       0x1c /opt/microchip/mplabc32/v2.02/bin/../lib/gcc/pic32mx/4.5.1/../../../../pic32mx/lib/libc.a(sbrk.o)

.data           0xa00000ac       0x10
 .data          0xa00000ac       0x10 build/default/production/_ext/2137914310/usb_config.o
                0xa00000ac                usbClientDrvTable

.bss%z1         0x00000000        0x0
 .bss           0x00000000        0x0 /opt/microchip/mplabc32/v2.02/bin/../lib/gcc/pic32mx/4.5.1/../../../../pic32mx/lib/./proc/32MX795F512L/processor.o

.data%z2        0x00000000        0x0
 .data          0x00000000        0x0 /opt/microchip/mplabc32/v2.02/bin/../lib/gcc/pic32mx/4.5.1/../../../../pic32mx/lib/./proc/32MX795F512L/processor.o

.mdebug.abi32%z3
                0x00000000        0x0
 .mdebug.abi32  0x00000000        0x0 /opt/microchip/mplabc32/v2.02/bin/../lib/gcc/pic32mx/4.5.1/../../../../pic32mx/lib/libmchp_peripheral_32MX795F512L.a(int_enable_interrupts_lib.o)

.bss%z4         0x00000000        0x0
 .bss           0x00000000        0x0 /opt/microchip/mplabc32/v2.02/bin/../lib/gcc/pic32mx/4.5.1/../../../../pic32mx/lib/libmchp_peripheral_32MX795F512L.a(int_enable_interrupts_lib.o)

.data%z5        0x00000000        0x0
 .data          0x00000000        0x0 /opt/microchip/mplabc32/v2.02/bin/../lib/gcc/pic32mx/4.5.1/../../../../pic32mx/lib/libmchp_peripheral_32MX795F512L.a(int_enable_interrupts_lib.o)

.mdebug.abi32%z6
                0x00000000        0x0
 .mdebug.abi32  0x00000000        0x0 /opt/microchip/mplabc32/v2.02/bin/../lib/gcc/pic32mx/4.5.1/../../../../pic32mx/lib/libmchp_peripheral_32MX795F512L.a(_ports_tbl_libp.o)

.bss%z7         0x00000000        0x0
 .bss           0x00000000        0x0 /opt/microchip/mplabc32/v2.02/bin/../lib/gcc/pic32mx/4.5.1/../../../../pic32mx/lib/libmchp_peripheral_32MX795F512L.a(_ports_tbl_libp.o)

.data%z8        0x00000000        0x0
 .data          0x00000000        0x0 /opt/microchip/mplabc32/v2.02/bin/../lib/gcc/pic32mx/4.5.1/../../../../pic32mx/lib/libmchp_peripheral_32MX795F512L.a(_ports_tbl_libp.o)

.mdebug.abi32%z9
                0x00000000        0x0
 .mdebug.abi32  0x00000000        0x0 /opt/microchip/mplabc32/v2.02/bin/../lib/gcc/pic32mx/4.5.1/../../../../pic32mx/lib/libmchp_peripheral_32MX795F512L.a(port_set_bits_lib.o)

.bss%z10        0x00000000        0x0
 .bss           0x00000000        0x0 /opt/microchip/mplabc32/v2.02/bin/../lib/gcc/pic32mx/4.5.1/../../../../pic32mx/lib/libmchp_peripheral_32MX795F512L.a(port_set_bits_lib.o)

.data%z11       0x00000000        0x0
 .data          0x00000000        0x0 /opt/microchip/mplabc32/v2.02/bin/../lib/gcc/pic32mx/4.5.1/../../../../pic32mx/lib/libmchp_peripheral_32MX795F512L.a(port_set_bits_lib.o)

.mdebug.abi32%z12
                0x00000000        0x0
 .mdebug.abi32  0x00000000        0x0 /opt/microchip/mplabc32/v2.02/bin/../lib/gcc/pic32mx/4.5.1/../../../../pic32mx/lib/libmchp_peripheral_32MX795F512L.a(port_clear_bits_lib.o)

.bss%z13        0x00000000        0x0
 .bss           0x00000000        0x0 /opt/microchip/mplabc32/v2.02/bin/../lib/gcc/pic32mx/4.5.1/../../../../pic32mx/lib/libmchp_peripheral_32MX795F512L.a(port_clear_bits_lib.o)

.data%z14       0x00000000        0x0
 .data          0x00000000        0x0 /opt/microchip/mplabc32/v2.02/bin/../lib/gcc/pic32mx/4.5.1/../../../../pic32mx/lib/libmchp_peripheral_32MX795F512L.a(port_clear_bits_lib.o)

.mdebug.abi32%z15
                0x00000000        0x0
 .mdebug.abi32  0x00000000        0x0 /opt/microchip/mplabc32/v2.02/bin/../lib/gcc/pic32mx/4.5.1/../../../../pic32mx/lib/libmchp_peripheral_32MX795F512L.a(port_set_pins_digital_out_lib.o)

.bss%z16        0x00000000        0x0
 .bss           0x00000000        0x0 /opt/microchip/mplabc32/v2.02/bin/../lib/gcc/pic32mx/4.5.1/../../../../pic32mx/lib/libmchp_peripheral_32MX795F512L.a(port_set_pins_digital_out_lib.o)

.data%z17       0x00000000        0x0
 .data          0x00000000        0x0 /opt/microchip/mplabc32/v2.02/bin/../lib/gcc/pic32mx/4.5.1/../../../../pic32mx/lib/libmchp_peripheral_32MX795F512L.a(port_set_pins_digital_out_lib.o)

.mdebug.abi32%z18
                0x00000000        0x0
 .mdebug.abi32  0x00000000        0x0 /opt/microchip/mplabc32/v2.02/bin/../lib/gcc/pic32mx/4.5.1/../../../../pic32mx/lib/libmchp_peripheral_32MX795F512L.a(int_enable_mv_int_lib.o)

.bss%z19        0x00000000        0x0
 .bss           0x00000000        0x0 /opt/microchip/mplabc32/v2.02/bin/../lib/gcc/pic32mx/4.5.1/../../../../pic32mx/lib/libmchp_peripheral_32MX795F512L.a(int_enable_mv_int_lib.o)

.data%z20       0x00000000        0x0
 .data          0x00000000        0x0 /opt/microchip/mplabc32/v2.02/bin/../lib/gcc/pic32mx/4.5.1/../../../../pic32mx/lib/libmchp_peripheral_32MX795F512L.a(int_enable_mv_int_lib.o)

.mdebug.abi32%z21
                0x00000000        0x0
 .mdebug.abi32  0x00000000        0x0 /opt/microchip/mplabc32/v2.02/bin/../lib/gcc/pic32mx/4.5.1/../../../../pic32mx/lib/libmchp_peripheral_32MX795F512L.a(int_restore_interrupts_lib.o)

.bss%z22        0x00000000        0x0
 .bss           0x00000000        0x0 /opt/microchip/mplabc32/v2.02/bin/../lib/gcc/pic32mx/4.5.1/../../../../pic32mx/lib/libmchp_peripheral_32MX795F512L.a(int_restore_interrupts_lib.o)

.data%z23       0x00000000        0x0
 .data          0x00000000        0x0 /opt/microchip/mplabc32/v2.02/bin/../lib/gcc/pic32mx/4.5.1/../../../../pic32mx/lib/libmchp_peripheral_32MX795F512L.a(int_restore_interrupts_lib.o)

.mdebug.abi32%z24
                0x00000000        0x0
 .mdebug.abi32  0x00000000        0x0 /opt/microchip/mplabc32/v2.02/bin/../lib/gcc/pic32mx/4.5.1/../../../../pic32mx/lib/libmchp_peripheral_32MX795F512L.a(int_disable_interrupts_lib.o)

.bss%z25        0x00000000        0x0
 .bss           0x00000000        0x0 /opt/microchip/mplabc32/v2.02/bin/../lib/gcc/pic32mx/4.5.1/../../../../pic32mx/lib/libmchp_peripheral_32MX795F512L.a(int_disable_interrupts_lib.o)

.data%z26       0x00000000        0x0
 .data          0x00000000        0x0 /opt/microchip/mplabc32/v2.02/bin/../lib/gcc/pic32mx/4.5.1/../../../../pic32mx/lib/libmchp_peripheral_32MX795F512L.a(int_disable_interrupts_lib.o)

.mdebug.abi32%z27
                0x00000000        0x0
 .mdebug.abi32  0x00000000        0x0 /opt/microchip/mplabc32/v2.02/bin/../lib/gcc/pic32mx/4.5.1/../../../../pic32mx/lib/libmchp_peripheral_32MX795F512L.a(pcache.o)

.bss%z28        0x00000000        0x0
 .bss           0x00000000        0x0 /opt/microchip/mplabc32/v2.02/bin/../lib/gcc/pic32mx/4.5.1/../../../../pic32mx/lib/libmchp_peripheral_32MX795F512L.a(pcache.o)

.data%z29       0x00000000        0x0
 .data          0x00000000        0x0 /opt/microchip/mplabc32/v2.02/bin/../lib/gcc/pic32mx/4.5.1/../../../../pic32mx/lib/libmchp_peripheral_32MX795F512L.a(pcache.o)

.mdebug.abi32%z30
                0x00000000        0x0
 .mdebug.abi32  0x00000000        0x0 /opt/microchip/mplabc32/v2.02/bin/../lib/gcc/pic32mx/4.5.1/../../../../pic32mx/lib/libc.a(errno.o)

.bss%z31        0x00000000        0x0
 .bss           0x00000000        0x0 /opt/microchip/mplabc32/v2.02/bin/../lib/gcc/pic32mx/4.5.1/../../../../pic32mx/lib/libc.a(errno.o)

.data%z32       0x00000000        0x0
 .data          0x00000000        0x0 /opt/microchip/mplabc32/v2.02/bin/../lib/gcc/pic32mx/4.5.1/../../../../pic32mx/lib/libc.a(errno.o)

.mdebug.abi32%z33
                0x00000000        0x0
 .mdebug.abi32  0x00000000        0x0 /opt/microchip/mplabc32/v2.02/bin/../lib/gcc/pic32mx/4.5.1/../../../../pic32mx/lib/libc.a(stdclean_simple.o)

.bss%z34        0x00000000        0x0
 .bss           0x00000000        0x0 /opt/microchip/mplabc32/v2.02/bin/../lib/gcc/pic32mx/4.5.1/../../../../pic32mx/lib/libc.a(stdclean_simple.o)

.data%z35       0x00000000        0x0
 .data          0x00000000        0x0 /opt/microchip/mplabc32/v2.02/bin/../lib/gcc/pic32mx/4.5.1/../../../../pic32mx/lib/libc.a(stdclean_simple.o)

.bss%z36        0x00000000        0x0
 .bss           0x00000000        0x0 /opt/microchip/mplabc32/v2.02/bin/../lib/gcc/pic32mx/4.5.1/../../../../pic32mx/lib/libc.a(memset.o)

.data%z37       0x00000000        0x0
 .data          0x00000000        0x0 /opt/microchip/mplabc32/v2.02/bin/../lib/gcc/pic32mx/4.5.1/../../../../pic32mx/lib/libc.a(memset.o)

.bss%z38        0x00000000        0x0
 .bss           0x00000000        0x0 /opt/microchip/mplabc32/v2.02/bin/../lib/gcc/pic32mx/4.5.1/../../../../pic32mx/lib/libc.a(default-nmi-handler.o)

.data%z39       0x00000000        0x0
 .data          0x00000000        0x0 /opt/microchip/mplabc32/v2.02/bin/../lib/gcc/pic32mx/4.5.1/../../../../pic32mx/lib/libc.a(default-nmi-handler.o)

.mdebug.abi32%z40
                0x00000000        0x0
 .mdebug.abi32  0x00000000        0x0 /opt/microchip/mplabc32/v2.02/bin/../lib/gcc/pic32mx/4.5.1/../../../../pic32mx/lib/libc.a(default-on-bootstrap.o)

.bss%z41        0x00000000        0x0
 .bss           0x00000000        0x0 /opt/microchip/mplabc32/v2.02/bin/../lib/gcc/pic32mx/4.5.1/../../../../pic32mx/lib/libc.a(default-on-bootstrap.o)

.data%z42       0x00000000        0x0
 .data          0x00000000        0x0 /opt/microchip/mplabc32/v2.02/bin/../lib/gcc/pic32mx/4.5.1/../../../../pic32mx/lib/libc.a(default-on-bootstrap.o)

.mdebug.abi32%z43
                0x00000000        0x0
 .mdebug.abi32  0x00000000        0x0 /opt/microchip/mplabc32/v2.02/bin/../lib/gcc/pic32mx/4.5.1/../../../../pic32mx/lib/libc.a(default-on-reset.o)

.bss%z44        0x00000000        0x0
 .bss           0x00000000        0x0 /opt/microchip/mplabc32/v2.02/bin/../lib/gcc/pic32mx/4.5.1/../../../../pic32mx/lib/libc.a(default-on-reset.o)

.data%z45       0x00000000        0x0
 .data          0x00000000        0x0 /opt/microchip/mplabc32/v2.02/bin/../lib/gcc/pic32mx/4.5.1/../../../../pic32mx/lib/libc.a(default-on-reset.o)

.mdebug.abi32%z46
                0x00000000        0x0
 .mdebug.abi32  0x00000000        0x0 /opt/microchip/mplabc32/v2.02/bin/../lib/gcc/pic32mx/4.5.1/../../../../pic32mx/lib/libc.a(default-bootstrap-exception-handler.o)

.bss%z47        0x00000000        0x0
 .bss           0x00000000        0x0 /opt/microchip/mplabc32/v2.02/bin/../lib/gcc/pic32mx/4.5.1/../../../../pic32mx/lib/libc.a(default-bootstrap-exception-handler.o)

.data%z48       0x00000000        0x0
 .data          0x00000000        0x0 /opt/microchip/mplabc32/v2.02/bin/../lib/gcc/pic32mx/4.5.1/../../../../pic32mx/lib/libc.a(default-bootstrap-exception-handler.o)

.mdebug.abi32%z49
                0x00000000        0x0
 .mdebug.abi32  0x00000000        0x0 /opt/microchip/mplabc32/v2.02/bin/../lib/gcc/pic32mx/4.5.1/../../../../pic32mx/lib/libc.a(default-general-exception-handler.o)

.bss%z50        0x00000000        0x0
 .bss           0x00000000        0x0 /opt/microchip/mplabc32/v2.02/bin/../lib/gcc/pic32mx/4.5.1/../../../../pic32mx/lib/libc.a(default-general-exception-handler.o)

.data%z51       0x00000000        0x0
 .data          0x00000000        0x0 /opt/microchip/mplabc32/v2.02/bin/../lib/gcc/pic32mx/4.5.1/../../../../pic32mx/lib/libc.a(default-general-exception-handler.o)

.mdebug.abi32%z52
                0x00000000        0x0
 .mdebug.abi32  0x00000000        0x0 /opt/microchip/mplabc32/v2.02/bin/../lib/gcc/pic32mx/4.5.1/../../../../pic32mx/lib/libc.a(sbrk.o)

.data%z53       0x00000000        0x0
 .data          0x00000000        0x0 /opt/microchip/mplabc32/v2.02/bin/../lib/gcc/pic32mx/4.5.1/../../../../pic32mx/lib/libc.a(sbrk.o)

.mdebug.abi32%z54
                0x00000000        0x0
 .mdebug.abi32  0x00000000        0x0 /opt/microchip/mplabc32/v2.02/bin/../lib/gcc/pic32mx/4.5.1/../../../../pic32mx/lib/libc.a(exit.o)

.bss%z55        0x00000000        0x0
 .bss           0x00000000        0x0 /opt/microchip/mplabc32/v2.02/bin/../lib/gcc/pic32mx/4.5.1/../../../../pic32mx/lib/libc.a(exit.o)

.data%z56       0x00000000        0x0
 .data          0x00000000        0x0 /opt/microchip/mplabc32/v2.02/bin/../lib/gcc/pic32mx/4.5.1/../../../../pic32mx/lib/libc.a(exit.o)

.mdebug.abi32%z57
                0x00000000        0x0
 .mdebug.abi32  0x00000000        0x0 /opt/microchip/mplabc32/v2.02/bin/../lib/gcc/pic32mx/4.5.1/../../../../pic32mx/lib/libc.a(malloc.o)

.data%z58       0x00000000        0x0
 .data          0x00000000        0x0 /opt/microchip/mplabc32/v2.02/bin/../lib/gcc/pic32mx/4.5.1/../../../../pic32mx/lib/libc.a(malloc.o)

.bss%z59        0x00000000        0x0
 .bss           0x00000000        0x0 /opt/microchip/mplabc32/v2.02/bin/../lib/gcc/pic32mx/4.5.1/../../../../pic32mx/lib/libc.a(general-exception.o)

.data%z60       0x00000000        0x0
 .data          0x00000000        0x0 /opt/microchip/mplabc32/v2.02/bin/../lib/gcc/pic32mx/4.5.1/../../../../pic32mx/lib/libc.a(general-exception.o)

.mdebug.abi32%z61
                0x00000000        0x0
 .mdebug.abi32  0x00000000        0x0 build/default/production/_ext/343710134/usb_host.o

.data%z62       0x00000000        0x0
 .data          0x00000000        0x0 build/default/production/_ext/343710134/usb_host.o

.mdebug.abi32%z63
                0x00000000        0x0
 .mdebug.abi32  0x00000000        0x0 build/default/production/_ext/2137914310/usb_config.o

.bss%z64        0x00000000        0x0
 .bss           0x00000000        0x0 build/default/production/_ext/2137914310/usb_config.o

.mdebug.abi32%z65
                0x00000000        0x0
 .mdebug.abi32  0x00000000        0x0 build/default/production/_ext/2137914310/main.o

.bss%z66        0x00000000        0x0
 .bss           0x00000000        0x0 build/default/production/_ext/2137914310/main.o

.data%z67       0x00000000        0x0
 .data          0x00000000        0x0 build/default/production/_ext/2137914310/main.o

.mdebug.abi32%z68
                0x00000000        0x0
 .mdebug.abi32  0x00000000        0x0 build/default/production/_ext/1472/debug.o

.bss%z69        0x00000000        0x0
 .bss           0x00000000        0x0 build/default/production/_ext/1472/debug.o

.data%z70       0x00000000        0x0
 .data          0x00000000        0x0 build/default/production/_ext/1472/debug.o

.mdebug.abi32%z71
                0x00000000        0x0
 .mdebug.abi32  0x00000000        0x0 build/default/production/_ext/1472/BTApp.o

.bss%z72        0x00000000        0x0
 .bss           0x00000000        0x0 build/default/production/_ext/1472/BTApp.o

.data%z73       0x00000000        0x0
 .data          0x00000000        0x0 build/default/production/_ext/1472/BTApp.o

.mdebug.abi32%z74
                0x00000000        0x0
 .mdebug.abi32  0x00000000        0x0 build/default/production/_ext/592302047/usb_host_bluetooth.o

.bss%z75        0x00000000        0x0
 .bss           0x00000000        0x0 build/default/production/_ext/592302047/usb_host_bluetooth.o

.data%z76       0x00000000        0x0
 .data          0x00000000        0x0 build/default/production/_ext/592302047/usb_host_bluetooth.o

.mdebug.abi32%z77
                0x00000000        0x0
 .mdebug.abi32  0x00000000        0x0 build/default/production/_ext/380863233/sdp.o

.bss%z78        0x00000000        0x0
 .bss           0x00000000        0x0 build/default/production/_ext/380863233/sdp.o

.data%z79       0x00000000        0x0
 .data          0x00000000        0x0 build/default/production/_ext/380863233/sdp.o

.mdebug.abi32%z80
                0x00000000        0x0
 .mdebug.abi32  0x00000000        0x0 build/default/production/_ext/380863233/rfcomm_fcs.o

.bss%z81        0x00000000        0x0
 .bss           0x00000000        0x0 build/default/production/_ext/380863233/rfcomm_fcs.o

.data%z82       0x00000000        0x0
 .data          0x00000000        0x0 build/default/production/_ext/380863233/rfcomm_fcs.o

.mdebug.abi32%z83
                0x00000000        0x0
 .mdebug.abi32  0x00000000        0x0 build/default/production/_ext/380863233/rfcomm.o

.bss%z84        0x00000000        0x0
 .bss           0x00000000        0x0 build/default/production/_ext/380863233/rfcomm.o

.data%z85       0x00000000        0x0
 .data          0x00000000        0x0 build/default/production/_ext/380863233/rfcomm.o

.mdebug.abi32%z86
                0x00000000        0x0
 .mdebug.abi32  0x00000000        0x0 build/default/production/_ext/380863233/l2cap_2.o

.bss%z87        0x00000000        0x0
 .bss           0x00000000        0x0 build/default/production/_ext/380863233/l2cap_2.o

.data%z88       0x00000000        0x0
 .data          0x00000000        0x0 build/default/production/_ext/380863233/l2cap_2.o

.mdebug.abi32%z89
                0x00000000        0x0
 .mdebug.abi32  0x00000000        0x0 build/default/production/_ext/380863233/hci_usb.o

.bss%z90        0x00000000        0x0
 .bss           0x00000000        0x0 build/default/production/_ext/380863233/hci_usb.o

.data%z91       0x00000000        0x0
 .data          0x00000000        0x0 build/default/production/_ext/380863233/hci_usb.o

.mdebug.abi32%z92
                0x00000000        0x0
 .mdebug.abi32  0x00000000        0x0 build/default/production/_ext/380863233/hci.o

.bss%z93        0x00000000        0x0
 .bss           0x00000000        0x0 build/default/production/_ext/380863233/hci.o

.data%z94       0x00000000        0x0
 .data          0x00000000        0x0 build/default/production/_ext/380863233/hci.o

.mdebug.abi32%z95
                0x00000000        0x0
 .mdebug.abi32  0x00000000        0x0 build/default/production/_ext/380863233/bt_utils.o

.bss%z96        0x00000000        0x0
 .bss           0x00000000        0x0 build/default/production/_ext/380863233/bt_utils.o

.data%z97       0x00000000        0x0
 .data          0x00000000        0x0 build/default/production/_ext/380863233/bt_utils.o

.bss%z98        0x00000000        0x0
 .bss           0x00000000        0x0 /opt/microchip/mplabc32/v2.02/bin/../lib/gcc/pic32mx/4.5.1/../../../../pic32mx/lib/crt0.o

.data%z99       0x00000000        0x0
 .data          0x00000000        0x0 /opt/microchip/mplabc32/v2.02/bin/../lib/gcc/pic32mx/4.5.1/../../../../pic32mx/lib/crt0.o

.text           0x9d000008     0xf970
 .text          0x9d000008     0x7890 build/default/production/_ext/343710134/usb_host.o
                0x9d000008                USBHostClearEndpointErrors
                0x9d0000b4                USBHostDeviceSpecificClientDriver
                0x9d0000f0                USBHostDeviceStatus
                0x9d0001b0                USBHostInit
                0x9d0002bc                USBHostIssueDeviceRequest
                0x9d00064c                USBHostRead
                0x9d0007c4                USBHostResetDevice
                0x9d000838                USBHostResumeDevice
                0x9d0008bc                USBHostSetDeviceConfiguration
                0x9d000988                USBHostSetNAKTimeout
                0x9d000a5c                USBHostShutdown
                0x9d000b00                USBHostSuspendDevice
                0x9d000b88                USBHostTasks
                0x9d002cc4                USBHostTerminateTransfer
                0x9d002d68                USBHostTransferIsComplete
                0x9d002ec8                USBHostVbusEvent
                0x9d002f80                USBHostWrite
                0x9d0030f8                _USB_CheckCommandAndEnumerationAttempts
                0x9d0031b8                _USB_FindClassDriver
                0x9d003360                _USB_FindDeviceLevelClientDriver
                0x9d0035e8                _USB_FindEndpoint
                0x9d0036c4                _USB_FindNextToken
                0x9d005010                _USB_FindServiceEndpoint
                0x9d0052bc                _USB_FreeConfigMemory
                0x9d00545c                _USB_FreeMemory
                0x9d00555c                _USB_InitControlRead
                0x9d005654                _USB_InitControlWrite
                0x9d00576c                _USB_InitRead
                0x9d00588c                _USB_InitWrite
                0x9d0059ac                _USB_NotifyClients
                0x9d005ad0                _USB_NotifyDataClients
                0x9d005b78                _USB_ParseConfigurationDescriptor
                0x9d0064ac                _USB_ResetDATA0
                0x9d0065b8                _USB_SendToken
                0x9d0066c0                _USB_SetBDT
                0x9d006a5c                _USB_TransferInProgress
                0x9d006b50                _USB1Interrupt
 .text          0x9d007898     0x1b64 build/default/production/_ext/380863233/l2cap_2.o
                0x9d007898                L2CAP_create
                0x9d007978                L2CAP_destroy
                0x9d007a20                L2CAP_getAPI
                0x9d007a98                L2CAP_installRFCOMM
                0x9d007b08                L2CAP_installSDP
                0x9d007b78                L2CAP_API_putData
                0x9d007d98                L2CAP_API_sendData
                0x9d007f38                L2CAP_API_disconnect
                0x9d00810c                _L2CAP_cmdHandler
                0x9d008564                _L2CAP_dataHandler
                0x9d0086ac                _L2CAP_acceptConnetion
                0x9d0088b0                _L2CAP_configResponse
                0x9d008a84                _L2CAP_configRequest
                0x9d008c94                _L2CAP_disconnResponse
                0x9d008e54                _L2CAP_infoResponse
                0x9d00900c                _L2CAP_getChannelByLCID
                0x9d009110                _L2CAP_getChannelByPSM
                0x9d009210                _L2CAP_createChannel
                0x9d00931c                _L2CAP_destroyChannel
 .text          0x9d0093fc     0x1a24 build/default/production/_ext/380863233/hci.o
                0x9d0093fc                HCI_create
                0x9d009640                HCI_destroy
                0x9d009704                HCI_getAPI
                0x9d0097ac                HCI_installL2CAP
                0x9d009804                HCI_installDevCB
                0x9d00985c                _HCI_isInitialized
                0x9d0098a4                _HCI_isConfigured
                0x9d00990c                _HCI_isConnected
                0x9d009974                _HCI_getMaxAclFrameSize
                0x9d009998                _HCI_cmd
                0x9d009b64                _HCI_commandEnd
                0x9d009fd0                _HCI_eventHandler
                0x9d00a600                HCI_API_cmdReset
                0x9d00a640                HCI_API_setLocalName
                0x9d00a744                HCI_API_setPINCode
                0x9d00a848                _HCI_cmdDisconnect
                0x9d00a8e0                _HCI_cmdPinCodeRequestReply
                0x9d00aa54                HCI_API_sendData
                0x9d00acb8                HCI_API_putData
                0x9d00ada4                HCI_API_putEvent
 .text          0x9d00ae20     0x1618 build/default/production/_ext/380863233/rfcomm.o
                0x9d00ae20                RFCOMM_create
                0x9d00af6c                RFCOMM_destroy
                0x9d00afb4                RFCOMM_getAPI
                0x9d00b038                RFCOMM_installDevCB
                0x9d00b0c0                RFCOMM_API_putData
                0x9d00b6d8                RFCOMM_API_sendData
                0x9d00b794                RFCOMM_API_disconnect
                0x9d00b860                _RFCOMM_getChannel
                0x9d00b8e0                _RFCOMM_getAddress
                0x9d00b9f4                _RFCOMM_sendUA
                0x9d00bac0                _RFCOMM_sendUIH
                0x9d00bd14                _RFCOMM_sendUIHCr
                0x9d00bdc0                _RFCOMM_handlePN
                0x9d00bf8c                _RFCOMM_handleMSC
                0x9d00c108                _RFCOMM_handleRPN
                0x9d00c1f0                _RFCOMM_handleRLS
                0x9d00c2d4                _RFCOMM_handleTEST
 .text          0x9d00c438     0x1288 build/default/production/_ext/380863233/sdp.o
                0x9d00c438                SDP_create
                0x9d00c50c                SDP_destroy
                0x9d00c554                SDP_API_putPetition
                0x9d00c644                _SDP_handlePetition
                0x9d00c7b0                _SDP_sendSSResp
                0x9d00c9b4                _SDP_sendSSAResp
                0x9d00cbcc                _SDP_sendSAResp
                0x9d00cda0                _SDP_getUUIDs
                0x9d00cfe4                _SDP_getServiceRecordList
                0x9d00d144                _SDP_getAttrList
 .text          0x9d00d6c0      0xab4 build/default/production/_ext/592302047/usb_host_bluetooth.o
                0x9d00d6c0                USBHostBluetoothInit
                0x9d00d890                USBHostBluetoothEventHandler
                0x9d00dafc                USBHostBluetoothRead_EP1
                0x9d00dc00                USBHostBluetoothRead_EP2
                0x9d00dd04                USBHostBluetoothRx1IsBusy
                0x9d00dd90                USBHostBluetoothRx2IsBusy
                0x9d00de1c                USBHostBluetoothWrite_EP0
                0x9d00df40                USBHostBluetoothWrite_EP1
                0x9d00e044                USBHostBluetoothWrite_EP2
                0x9d00e148                USBHostBluetoothGetDeviceAddress
 .text          0x9d00e174      0x8d8 build/default/production/_ext/2137914310/main.o
                0x9d00e174                SysInit
                0x9d00e46c                USB_ApplicationEventHandler
                0x9d00e794                USBScan
                0x9d00e868                main
 .text          0x9d00ea4c      0x5f4 build/default/production/_ext/380863233/bt_utils.o
                0x9d00ea4c                BT_malloc
                0x9d00ea84                BT_free
                0x9d00eabc                BT_readLE16
                0x9d00eb30                BT_storeLE16
                0x9d00ebb8                BT_storeLE32
                0x9d00ec84                BT_readBE16
                0x9d00ecf8                BT_storeBE16
                0x9d00ed80                BT_storeBE32
                0x9d00ee4c                BT_readBE32
                0x9d00eef0                store_STR
                0x9d00ef94                BT_isEqualBD_ADDR
 .text          0x9d00f040      0x370 build/default/production/_ext/380863233/hci_usb.o
                0x9d00f040                HCIUSB_create
                0x9d00f0d0                HCIUSB_destroy
                0x9d00f164                HCIUSB_getAPI
                0x9d00f1ec                _getACLBuffer
                0x9d00f234                _getEVTBuffer
                0x9d00f27c                _w_ACL
                0x9d00f300                _w_CTRL
 .text          0x9d00f3b0      0x334 build/default/production/_ext/1472/BTApp.o
                0x9d00f3b0                BTAPP_Initialise
                0x9d00f484                BTAPP_Start
                0x9d00f5e0                BTAPP_Deinitialise
                0x9d00f634                BTAPP_API_putRFCOMMData
                0x9d00f6ac                BTAPP_API_confComplete
 .text          0x9d00f6e4      0x294 build/default/production/_ext/1472/debug.o
                0x9d00f6e4                DBG_assert
                0x9d00f730                DBG_trace
                0x9d00f780                DBG_info
                0x9d00f7dc                DBG_exInfo
                0x9d00f838                DBG_warn
                0x9d00f894                DBG_error